Component: ARM Compiler 5.06 update 6 (build 750) Tool: armlink [4d35ed]

==============================================================================

Section Cross References

    main.o(i.main) refers to misc.o(i.NVIC_PriorityGroupConfig) for NVIC_PriorityGroupConfig
    main.o(i.main) refers to delay.o(i.delay_init) for delay_init
    main.o(i.main) refers to led.o(i.LED_Init) for LED_Init
    main.o(i.main) refers to usart.o(i.uart_init) for uart_init
    main.o(i.main) refers to adc.o(i.Adc_Init) for Adc_Init
    main.o(i.main) refers to adc.o(i.MySingleAdcRead) for MySingleAdcRead
    system_stm32f4xx.o(i.SystemCoreClockUpdate) refers to system_stm32f4xx.o(.data) for SystemCoreClock
    system_stm32f4xx.o(i.SystemInit) refers to system_stm32f4xx.o(i.SetSysClock) for SetSysClock
    led.o(i.LED_Init) refers to stm32f4xx_rcc.o(i.RCC_AHB1PeriphClockCmd) for RCC_AHB1PeriphClockCmd
    led.o(i.LED_Init) refers to stm32f4xx_gpio.o(i.GPIO_Init) for GPIO_Init
    led.o(i.LED_Init) refers to stm32f4xx_gpio.o(i.GPIO_SetBits) for GPIO_SetBits
    delay.o(i.delay_init) refers to misc.o(i.SysTick_CLKSourceConfig) for SysTick_CLKSourceConfig
    delay.o(i.delay_init) refers to delay.o(.data) for fac_us
    delay.o(i.delay_ms) refers to delay.o(i.delay_xms) for delay_xms
    delay.o(i.delay_us) refers to delay.o(.data) for fac_us
    delay.o(i.delay_xms) refers to delay.o(.data) for fac_ms
    usart.o(.rev16_text) refers (Special) to use_no_semi_2.o(.text) for __use_no_semihosting
    usart.o(.revsh_text) refers (Special) to use_no_semi_2.o(.text) for __use_no_semihosting
    usart.o(i.USART1_IRQHandler) refers (Special) to use_no_semi_2.o(.text) for __use_no_semihosting
    usart.o(i.USART1_IRQHandler) refers to stm32f4xx_usart.o(i.USART_GetITStatus) for USART_GetITStatus
    usart.o(i.USART1_IRQHandler) refers to stm32f4xx_gpio.o(i.GPIO_ReadOutputDataBit) for GPIO_ReadOutputDataBit
    usart.o(i.USART1_IRQHandler) refers to stm32f4xx_gpio.o(i.GPIO_ResetBits) for GPIO_ResetBits
    usart.o(i.USART1_IRQHandler) refers to stm32f4xx_gpio.o(i.GPIO_SetBits) for GPIO_SetBits
    usart.o(i.USART1_IRQHandler) refers to stm32f4xx_usart.o(i.USART_ReceiveData) for USART_ReceiveData
    usart.o(i.USART1_IRQHandler) refers to stm32f4xx_usart.o(i.USART_SendData) for USART_SendData
    usart.o(i.USART1_IRQHandler) refers to usart.o(.data) for USART_RX_STA
    usart.o(i.USART1_IRQHandler) refers to usart.o(.bss) for USART_RX_BUF
    usart.o(i.USART2_IRQHandler) refers (Special) to use_no_semi_2.o(.text) for __use_no_semihosting
    usart.o(i.USART2_IRQHandler) refers to stm32f4xx_usart.o(i.USART_GetITStatus) for USART_GetITStatus
    usart.o(i.USART2_IRQHandler) refers to stm32f4xx_gpio.o(i.GPIO_ReadOutputDataBit) for GPIO_ReadOutputDataBit
    usart.o(i.USART2_IRQHandler) refers to stm32f4xx_gpio.o(i.GPIO_ResetBits) for GPIO_ResetBits
    usart.o(i.USART2_IRQHandler) refers to stm32f4xx_gpio.o(i.GPIO_SetBits) for GPIO_SetBits
    usart.o(i.USART2_IRQHandler) refers to stm32f4xx_usart.o(i.USART_ReceiveData) for USART_ReceiveData
    usart.o(i.USART2_IRQHandler) refers to usart.o(.data) for USART_RX_STA
    usart.o(i.USART2_IRQHandler) refers to usart.o(.bss) for USART_RX_BUF
    usart.o(i._sys_exit) refers (Special) to use_no_semi_2.o(.text) for __use_no_semihosting
    usart.o(i.fputc) refers (Special) to use_no_semi_2.o(.text) for __use_no_semihosting
    usart.o(i.uart_init) refers (Special) to use_no_semi_2.o(.text) for __use_no_semihosting
    usart.o(i.uart_init) refers to stm32f4xx_rcc.o(i.RCC_AHB1PeriphClockCmd) for RCC_AHB1PeriphClockCmd
    usart.o(i.uart_init) refers to stm32f4xx_rcc.o(i.RCC_APB2PeriphClockCmd) for RCC_APB2PeriphClockCmd
    usart.o(i.uart_init) refers to stm32f4xx_gpio.o(i.GPIO_PinAFConfig) for GPIO_PinAFConfig
    usart.o(i.uart_init) refers to stm32f4xx_gpio.o(i.GPIO_Init) for GPIO_Init
    usart.o(i.uart_init) refers to stm32f4xx_usart.o(i.USART_Init) for USART_Init
    usart.o(i.uart_init) refers to stm32f4xx_usart.o(i.USART_Cmd) for USART_Cmd
    usart.o(i.uart_init) refers to stm32f4xx_usart.o(i.USART_ITConfig) for USART_ITConfig
    usart.o(i.uart_init) refers to misc.o(i.NVIC_Init) for NVIC_Init
    usart.o(i.uart_init) refers to stm32f4xx_rcc.o(i.RCC_APB1PeriphClockCmd) for RCC_APB1PeriphClockCmd
    usart.o(.bss) refers (Special) to use_no_semi_2.o(.text) for __use_no_semihosting
    usart.o(.data) refers (Special) to use_no_semi_2.o(.text) for __use_no_semihosting
    adc.o(i.Adc_Init) refers to stm32f4xx_rcc.o(i.RCC_AHB1PeriphClockCmd) for RCC_AHB1PeriphClockCmd
    adc.o(i.Adc_Init) refers to stm32f4xx_rcc.o(i.RCC_APB2PeriphClockCmd) for RCC_APB2PeriphClockCmd
    adc.o(i.Adc_Init) refers to stm32f4xx_gpio.o(i.GPIO_Init) for GPIO_Init
    adc.o(i.Adc_Init) refers to stm32f4xx_rcc.o(i.RCC_APB2PeriphResetCmd) for RCC_APB2PeriphResetCmd
    adc.o(i.Adc_Init) refers to stm32f4xx_adc.o(i.ADC_CommonInit) for ADC_CommonInit
[...]
    _get_argv_nomalloc.o(.text) refers to defsig_rtmem_outer.o(.text) for __rt_SIGRTMEM
    _get_argv_nomalloc.o(.text) refers to sys_command.o(.text) for _sys_command_string
    sys_command.o(.text) refers (Special) to use_no_semi.o(.text) for __I$use$semihosting
    sys_command.o(.text) refers (Special) to indicate_semi.o(.text) for __semihosting_library_function
    defsig_rtmem_outer.o(.text) refers to defsig_rtmem_inner.o(.text) for __rt_SIGRTMEM_inner
    defsig_rtmem_outer.o(.text) refers to defsig_exit.o(.text) for __sig_exit
    defsig_rtmem_formal.o(.text) refers to rt_raise.o(.text) for __rt_raise
    libshutdown.o(.ARM.Collect$$libshutdown$$00000000) refers (Special) to libshutdown2.o(.ARM.Collect$$libshutdown$$00000002) for __rt_lib_shutdown_cpp_1
    libshutdown.o(.ARM.Collect$$libshutdown$$00000000) refers (Special) to libshutdown2.o(.ARM.Collect$$libshutdown$$00000007) for __rt_lib_shutdown_fp_trap_1
    libshutdown.o(.ARM.Collect$$libshutdown$$00000000) refers (Special) to libshutdown2.o(.ARM.Collect$$libshutdown$$0000000F) for __rt_lib_shutdown_heap_1
    libshutdown.o(.ARM.Collect$$libshutdown$$00000000) refers (Special) to libshutdown2.o(.ARM.Collect$$libshutdown$$00000010) for __rt_lib_shutdown_return
    libshutdown.o(.ARM.Collect$$libshutdown$$00000000) refers (Special) to libshutdown2.o(.ARM.Collect$$libshutdown$$0000000A) for __rt_lib_shutdown_signal_1
    libshutdown.o(.ARM.Collect$$libshutdown$$00000000) refers (Special) to libshutdown2.o(.ARM.Collect$$libshutdown$$00000004) for __rt_lib_shutdown_stdio_1
    libshutdown.o(.ARM.Collect$$libshutdown$$00000000) refers (Special) to libshutdown2.o(.ARM.Collect$$libshutdown$$0000000C) for __rt_lib_shutdown_user_alloc_1
    rt_raise.o(.text) refers to __raise.o(.text) for __raise
    rt_raise.o(.text) refers to usart.o(i._sys_exit) for _sys_exit
    defsig_exit.o(.text) refers to usart.o(i._sys_exit) for _sys_exit
    defsig_rtmem_inner.o(.text) refers to defsig_general.o(.text) for __default_signal_display
    __raise.o(.text) refers to defsig.o(CL$$defsig) for __default_signal_handler
    defsig_general.o(.text) refers to sys_wrch.o(.text) for _ttywrch
    sys_wrch.o(.text) refers (Special) to use_no_semi.o(.text) for __I$use$semihosting
    sys_wrch.o(.text) refers (Special) to indicate_semi.o(.text) for __semihosting_library_function
    defsig.o(CL$$defsig) refers to defsig_rtmem_inner.o(.text) for __rt_SIGRTMEM_inner
    defsig_abrt_inner.o(.text) refers to defsig_general.o(.text) for __default_signal_display
    defsig_fpe_inner.o(.text) refers to defsig_general.o(.text) for __default_signal_display
    defsig_rtred_inner.o(.text) refers to defsig_general.o(.text) for __default_signal_display
    defsig_stak_inner.o(.text) refers to defsig_general.o(.text) for __default_signal_display
    defsig_pvfn_inner.o(.text) refers to defsig_general.o(.text) for __default_signal_display
    defsig_cppl_inner.o(.text) refers to defsig_general.o(.text) for __default_signal_display
    defsig_segv_inner.o(.text) refers to defsig_general.o(.text) for __default_signal_display
    defsig_other.o(.text) refers to defsig_general.o(.text) for __default_signal_display


==============================================================================

Removing Unused input sections from the image.

    Removing main.o(.rev16_text), (4 bytes).
    Removing main.o(.revsh_text), (4 bytes).
    Removing stm32f4xx_it.o(.rev16_text), (4 bytes).
    Removing stm32f4xx_it.o(.revsh_text), (4 bytes).
    Removing system_stm32f4xx.o(.rev16_text), (4 bytes).
    Removing system_stm32f4xx.o(.revsh_text), (4 bytes).
    Removing system_stm32f4xx.o(i.SystemCoreClockUpdate), (192 bytes).
    Removing system_stm32f4xx.o(.data), (20 bytes).
    Removing led.o(.rev16_text), (4 bytes).
    Removing led.o(.revsh_text), (4 bytes).
    Removing delay.o(.rev16_text), (4 bytes).
    Removing delay.o(.revsh_text), (4 bytes).
    Removing delay.o(i.delay_us), (76 bytes).
    Removing sys.o(.rev16_text), (4 bytes).
    Removing sys.o(.revsh_text), (4 bytes).
    Removing sys.o(.emb_text), (16 bytes).
    Removing usart.o(.rev16_text), (4 bytes).
    Removing usart.o(.revsh_text), (4 bytes).
    Removing adc.o(.rev16_text), (4 bytes).
    Removing adc.o(.revsh_text), (4 bytes).
    Removing adc.o(.bss), (1536 bytes).
    Removing misc.o(.rev16_text), (4 bytes).
    Removing misc.o(.revsh_text), (4 bytes).
    Removing misc.o(i.NVIC_SetVectorTable), (20 bytes).
    Removing misc.o(i.NVIC_SystemLPConfig), (32 bytes).
    Removing stm32f4xx_gpio.o(.rev16_text), (4 bytes).
    Removing stm32f4xx_gpio.o(.revsh_text), (4 bytes).
    Removing stm32f4xx_gpio.o(i.GPIO_DeInit), (312 bytes).
    Removing stm32f4xx_gpio.o(i.GPIO_PinLockConfig), (34 bytes).
    Removing stm32f4xx_gpio.o(i.GPIO_ReadInputData), (8 bytes).
    Removing stm32f4xx_gpio.o(i.GPIO_ReadInputDataBit), (18 bytes).
    Removing stm32f4xx_gpio.o(i.GPIO_ReadOutputData), (8 bytes).
    Removing stm32f4xx_gpio.o(i.GPIO_StructInit), (18 bytes).
    Removing stm32f4xx_gpio.o(i.GPIO_ToggleBits), (8 bytes).
    Removing stm32f4xx_gpio.o(i.GPIO_Write), (4 bytes).
    Removing stm32f4xx_gpio.o(i.GPIO_WriteBit), (10 bytes).
    Removing stm32f4xx_rcc.o(.rev16_text), (4 bytes).
    Removing stm32f4xx_rcc.o(.revsh_text), (4 bytes).
    Removing stm32f4xx_rcc.o(i.RCC_AHB1PeriphClockLPModeCmd), (32 bytes).
    Removing stm32f4xx_rcc.o(i.RCC_AHB1PeriphResetCmd), (32 bytes).
    Removing stm32f4xx_rcc.o(i.RCC_AHB2PeriphClockCmd), (32 bytes).
    Removing stm32f4xx_rcc.o(i.RCC_AHB2PeriphClockLPModeCmd), (32 bytes).
    Removing stm32f4xx_rcc.o(i.RCC_AHB2PeriphResetCmd), (32 bytes).
    Removing stm32f4xx_rcc.o(i.RCC_AHB3PeriphClockCmd), (32 bytes).
    Removing stm32f4xx_rcc.o(i.RCC_AHB3PeriphClockLPModeCmd), (32 bytes).
    Removing stm32f4xx_rcc.o(i.RCC_AHB3PeriphResetCmd), (32 bytes).
    Removing stm32f4xx_rcc.o(i.RCC_APB1PeriphClockLPModeCmd), (32 bytes).
    Removing stm32f4xx_rcc.o(i.RCC_APB1PeriphResetCmd), (32 bytes).
    Removing stm32f4xx_rcc.o(i.RCC_APB2PeriphClockLPModeCmd), (32 bytes).
    Removing stm32f4xx_rcc.o(i.RCC_AdjustHSICalibrationValue), (24 bytes).
    Removing stm32f4xx_rcc.o(i.RCC_BackupResetCmd), (12 bytes).
    Removing stm32f4xx_rcc.o(i.RCC_ClearFlag), (20 bytes).
    Removing stm32f4xx_rcc.o(i.RCC_ClearITPendingBit), (12 bytes).
    Removing stm32f4xx_rcc.o(i.RCC_ClockSecuritySystemCmd), (12 bytes).
    Removing stm32f4xx_rcc.o(i.RCC_DeInit), (100 bytes).
    Removing stm32f4xx_rcc.o(i.RCC_GetFlagStatus), (64 bytes).
    Removing stm32f4xx_rcc.o(i.RCC_GetITStatus), (24 bytes).
    Removing stm32f4xx_rcc.o(i.RCC_GetSYSCLKSource), (16 bytes).
    Removing stm32f4xx_rcc.o(i.RCC_HCLKConfig), (24 bytes).
    Removing stm32f4xx_rcc.o(i.RCC_HSEConfig), (16 bytes).
    Removing stm32f4xx_rcc.o(i.RCC_HSICmd), (12 bytes).
    Removing stm32f4xx_rcc.o(i.RCC_I2SCLKConfig), (12 bytes).
    Removing stm32f4xx_rcc.o(i.RCC_ITConfig), (32 bytes).
    Removing stm32f4xx_rcc.o(i.RCC_LSEConfig), (44 bytes).
    Removing stm32f4xx_rcc.o(i.RCC_LSEModeConfig), (36 bytes).
    Removing stm32f4xx_rcc.o(i.RCC_LSICmd), (12 bytes).
    Removing stm32f4xx_rcc.o(i.RCC_LTDCCLKDivConfig), (24 bytes).
    Removing stm32f4xx_rcc.o(i.RCC_MCO1Config), (28 bytes).
    Removing stm32f4xx_rcc.o(i.RCC_MCO2Config), (28 bytes).
    Removing stm32f4xx_rcc.o(i.RCC_PCLK1Config), (24 bytes).
    Removing stm32f4xx_rcc.o(i.RCC_PCLK2Config), (24 bytes).
    Removing stm32f4xx_rcc.o(i.RCC_PLLCmd), (12 bytes).
    Removing stm32f4xx_rcc.o(i.RCC_PLLConfig), (36 bytes).
    Removing stm32f4xx_rcc.o(i.RCC_PLLI2SCmd), (12 bytes).
    Removing stm32f4xx_rcc.o(i.RCC_PLLI2SConfig), (16 bytes).
    Removing stm32f4xx_rcc.o(i.RCC_PLLSAICmd), (12 bytes).
    Removing stm32f4xx_rcc.o(i.RCC_PLLSAIConfig), (24 bytes).
    Removing stm32f4xx_rcc.o(i.RCC_RTCCLKCmd), (12 bytes).
    Removing stm32f4xx_rcc.o(i.RCC_RTCCLKConfig), (60 bytes).
    Removing stm32f4xx_rcc.o(i.RCC_SAIBlockACLKConfig), (24 bytes).
    Removing stm32f4xx_rcc.o(i.RCC_SAIBlockBCLKConfig), (24 bytes).
    Removing stm32f4xx_rcc.o(i.RCC_SAIPLLI2SClkDivConfig), (28 bytes).
    Removing stm32f4xx_rcc.o(i.RCC_SAIPLLSAIClkDivConfig), (28 bytes).
    Removing stm32f4xx_rcc.o(i.RCC_SYSCLKConfig), (24 bytes).
    Removing stm32f4xx_rcc.o(i.RCC_TIMCLKPresConfig), (12 bytes).
    Removing stm32f4xx_rcc.o(i.RCC_WaitForHSEStartUp), (56 bytes).
    Removing stm32f4xx_syscfg.o(.rev16_text), (4 bytes).
    Removing stm32f4xx_syscfg.o(.revsh_text), (4 bytes).
    Removing stm32f4xx_syscfg.o(i.SYSCFG_CompensationCellCmd), (12 bytes).
    Removing stm32f4xx_syscfg.o(i.SYSCFG_DeInit), (22 bytes).
    Removing stm32f4xx_syscfg.o(i.SYSCFG_ETH_MediaInterfaceConfig), (12 bytes).
    Removing stm32f4xx_syscfg.o(i.SYSCFG_EXTILineConfig), (64 bytes).
    Removing stm32f4xx_syscfg.o(i.SYSCFG_GetCompensationCellStatus), (24 bytes).
    Removing stm32f4xx_syscfg.o(i.SYSCFG_MemoryRemapConfig), (12 bytes).
    Removing stm32f4xx_syscfg.o(i.SYSCFG_MemorySwappingBank), (12 bytes).
    Removing stm32f4xx_usart.o(.rev16_text), (4 bytes).
    Removing stm32f4xx_usart.o(.revsh_text), (4 bytes).
    Removing stm32f4xx_usart.o(i.USART_ClearFlag), (18 bytes).
    Removing stm32f4xx_usart.o(i.USART_ClearITPendingBit), (30 bytes).
    Removing stm32f4xx_usart.o(i.USART_ClockInit), (32 bytes).
    Removing stm32f4xx_usart.o(i.USART_ClockStructInit), (12 bytes).
    Removing stm32f4xx_usart.o(i.USART_DMACmd), (18 bytes).
    Removing stm32f4xx_usart.o(i.USART_DeInit), (240 bytes).
    Removing stm32f4xx_usart.o(i.USART_GetFlagStatus), (26 bytes).
    Removing stm32f4xx_usart.o(i.USART_HalfDuplexCmd), (24 bytes).
    Removing stm32f4xx_usart.o(i.USART_IrDACmd), (24 bytes).
    Removing stm32f4xx_usart.o(i.USART_IrDAConfig), (18 bytes).
    Removing stm32f4xx_usart.o(i.USART_LINBreakDetectLengthConfig), (18 bytes).
    Removing stm32f4xx_usart.o(i.USART_LINCmd), (24 bytes).
    Removing stm32f4xx_usart.o(i.USART_OneBitMethodCmd), (24 bytes).
    Removing stm32f4xx_usart.o(i.USART_OverSampling8Cmd), (22 bytes).
    Removing stm32f4xx_usart.o(i.USART_ReceiverWakeUpCmd), (24 bytes).
    Removing stm32f4xx_usart.o(i.USART_SendBreak), (10 bytes).
    Removing stm32f4xx_usart.o(i.USART_SetAddress), (18 bytes).
    Removing stm32f4xx_usart.o(i.USART_SetGuardTime), (16 bytes).
    Removing stm32f4xx_usart.o(i.USART_SetPrescaler), (16 bytes).
    Removing stm32f4xx_usart.o(i.USART_SmartCardCmd), (24 bytes).
    Removing stm32f4xx_usart.o(i.USART_SmartCardNACKCmd), (24 bytes).
    Removing stm32f4xx_usart.o(i.USART_StructInit), (24 bytes).
    Removing stm32f4xx_usart.o(i.USART_WakeUpConfig), (18 bytes).
    Removing stm32f4xx_adc.o(.rev16_text), (4 bytes).
    Removing stm32f4xx_adc.o(.revsh_text), (4 bytes).
    Removing stm32f4xx_adc.o(i.ADC_AnalogWatchdogCmd), (20 bytes).
    Removing stm32f4xx_adc.o(i.ADC_AnalogWatchdogSingleChannelConfig), (16 bytes).
    Removing stm32f4xx_adc.o(i.ADC_AnalogWatchdogThresholdsConfig), (6 bytes).
    Removing stm32f4xx_adc.o(i.ADC_AutoInjectedConvCmd), (22 bytes).
    Removing stm32f4xx_adc.o(i.ADC_ClearFlag), (6 bytes).
    Removing stm32f4xx_adc.o(i.ADC_ClearITPendingBit), (10 bytes).
    Removing stm32f4xx_adc.o(i.ADC_CommonStructInit), (12 bytes).
    Removing stm32f4xx_adc.o(i.ADC_ContinuousModeCmd), (22 bytes).
    Removing stm32f4xx_adc.o(i.ADC_DMACmd), (22 bytes).
    Removing stm32f4xx_adc.o(i.ADC_DMARequestAfterLastTransferCmd), (22 bytes).
    Removing stm32f4xx_adc.o(i.ADC_DeInit), (22 bytes).
    Removing stm32f4xx_adc.o(i.ADC_DiscModeChannelCountConfig), (24 bytes).
    Removing stm32f4xx_adc.o(i.ADC_DiscModeCmd), (22 bytes).
    Removing stm32f4xx_adc.o(i.ADC_EOCOnEachRegularChannelCmd), (22 bytes).
    Removing stm32f4xx_adc.o(i.ADC_ExternalTrigInjectedConvConfig), (16 bytes).
    Removing stm32f4xx_adc.o(i.ADC_ExternalTrigInjectedConvEdgeConfig), (16 bytes).
    Removing stm32f4xx_adc.o(i.ADC_GetITStatus), (38 bytes).
    Removing stm32f4xx_adc.o(i.ADC_GetInjectedConversionValue), (28 bytes).
    Removing stm32f4xx_adc.o(i.ADC_GetMultiModeConversionValue), (12 bytes).
    Removing stm32f4xx_adc.o(i.ADC_GetSoftwareStartConvStatus), (20 bytes).
    Removing stm32f4xx_adc.o(i.ADC_GetSoftwareStartInjectedConvCmdStatus), (20 bytes).
    Removing stm32f4xx_adc.o(i.ADC_ITConfig), (32 bytes).
    Removing stm32f4xx_adc.o(i.ADC_InjectedChannelConfig), (130 bytes).
    Removing stm32f4xx_adc.o(i.ADC_InjectedDiscModeCmd), (22 bytes).
    Removing stm32f4xx_adc.o(i.ADC_InjectedSequencerLengthConfig), (24 bytes).
    Removing stm32f4xx_adc.o(i.ADC_MultiModeDMARequestAfterLastTransferCmd), (44 bytes).
    Removing stm32f4xx_adc.o(i.ADC_SetInjectedOffset), (20 bytes).
    Removing stm32f4xx_adc.o(i.ADC_SoftwareStartInjectedConv), (10 bytes).
    Removing stm32f4xx_adc.o(i.ADC_StructInit), (20 bytes).
    Removing stm32f4xx_adc.o(i.ADC_TempSensorVrefintCmd), (44 bytes).
    Removing stm32f4xx_adc.o(i.ADC_VBATCmd), (44 bytes).

153 unused section(s) (total 5406 bytes) removed from the image.

==============================================================================

Image Symbol Table

    Local Symbols

    Symbol Name                              Value     Ov Type        Size  Object(Section)

    ../clib/angel/boardlib.s                 0x00000000   Number         0  boardinit1.o ABSOLUTE
    ../clib/angel/boardlib.s                 0x00000000   Number         0  boardshut.o ABSOLUTE
    ../clib/angel/boardlib.s                 0x00000000   Number         0  boardinit3.o ABSOLUTE
    ../clib/angel/boardlib.s                 0x00000000   Number         0  boardinit2.o ABSOLUTE
    ../clib/angel/handlers.s                 0x00000000   Number         0  __scatter_copy.o ABSOLUTE
    ../clib/angel/handlers.s                 0x00000000   Number         0  __scatter_zi.o ABSOLUTE
    ../clib/angel/kernel.s                   0x00000000   Number         0  __rtentry2.o ABSOLUTE
    ../clib/angel/kernel.s                   0x00000000   Number         0  __rtentry4.o ABSOLUTE
    ../clib/angel/kernel.s                   0x00000000   Number         0  rtexit2.o ABSOLUTE
    ../clib/angel/kernel.s                   0x00000000   Number         0  rtexit.o ABSOLUTE
    ../clib/angel/kernel.s                   0x00000000   Number         0  __rtentry.o ABSOLUTE
    ../clib/angel/rt.s                       0x00000000   Number         0  rt_locale.o ABSOLUTE
    ../clib/angel/rt.s                       0x00000000   Number         0  rt_locale_intlibspace.o ABSOLUTE
    ../clib/angel/rt.s                       0x00000000   Number         0  rt_raise.o ABSOLUTE
    ../clib/angel/scatter.s                  0x00000000   Number         0  __scatter.o ABSOLUTE
    ../clib/angel/startup.s                  0x00000000   Number         0  __main.o ABSOLUTE
    ../clib/angel/sys.s                      0x00000000   Number         0  use_no_semi.o ABSOLUTE
    ../clib/angel/sys.s                      0x00000000   Number         0  indicate_semi.o ABSOLUTE
    ../clib/angel/sys.s                      0x00000000   Number         0  libspace.o ABSOLUTE
    ../clib/angel/sys.s                      0x00000000   Number         0  sys_stackheap_outer.o ABSOLUTE
    ../clib/angel/sys.s                      0x00000000   Number         0  use_no_semi_2.o ABSOLUTE
    ../clib/angel/sysapp.c                   0x00000000   Number         0  sys_command.o ABSOLUTE
    ../clib/angel/sysapp.c                   0x00000000   Number         0  sys_wrch.o ABSOLUTE
    ../clib/armsys.c                         0x00000000   Number         0  argv_veneer.o ABSOLUTE
    ../clib/armsys.c                         0x00000000   Number         0  argv_veneer.o ABSOLUTE
    ../clib/armsys.c                         0x00000000   Number         0  no_argv.o ABSOLUTE
    ../clib/armsys.c                         0x00000000   Number         0  _get_argv_nomalloc.o ABSOLUTE
    ../clib/bigflt.c                         0x00000000   Number         0  bigflt0.o ABSOLUTE
    ../clib/btod.s                           0x00000000   Number         0  btod.o ABSOLUTE
    ../clib/heapalloc.c                      0x00000000   Number         0  hrguard.o ABSOLUTE
    ../clib/heapaux.c                        0x00000000   Number         0  heapauxi.o ABSOLUTE
    ../clib/libinit.s                        0x00000000   Number         0  libinit.o ABSOLUTE
    ../clib/libinit.s                        0x00000000   Number         0  libinit2.o ABSOLUTE
    ../clib/libinit.s                        0x00000000   Number         0  libshutdown2.o ABSOLUTE
    ../clib/libinit.s                        0x00000000   Number         0  libshutdown.o ABSOLUTE
    ../clib/locale.s                         0x00000000   Number         0  lc_numeric_c.o ABSOLUTE
    ../clib/longlong.s                       0x00000000   Number         0  lludiv10.o ABSOLUTE
    ../clib/memcpset.s                       0x00000000   Number         0  strcmpv7m.o ABSOLUTE
    ../clib/printf.c                         0x00000000   Number         0  __printf_flags_ss.o ABSOLUTE
    ../clib/printf.c                         0x00000000   Number         0  _printf_fp_infnan.o ABSOLUTE
    ../clib/printf.c                         0x00000000   Number         0  __printf_flags.o ABSOLUTE
    ../clib/printf.c                         0x00000000   Number         0  __printf.o ABSOLUTE
    ../clib/printf.c                         0x00000000   Number         0  noretval__2printf.o ABSOLUTE
    ../clib/printf.c                         0x00000000   Number         0  _printf_char_common.o ABSOLUTE
    ../clib/printf.c                         0x00000000   Number         0  __2printf.o ABSOLUTE
    ../clib/printf.c                         0x00000000   Number         0  _printf_char_file.o ABSOLUTE
    ../clib/printf.c                         0x00000000   Number         0  _printf_fp_dec.o ABSOLUTE
    ../clib/printf.c                         0x00000000   Number         0  __printf_ss.o ABSOLUTE
    ../clib/printf.c                         0x00000000   Number         0  __printf_nopercent.o ABSOLUTE
    ../clib/printf.c                         0x00000000   Number         0  __printf_flags_ss_wp.o ABSOLUTE
    ../clib/printf.c                         0x00000000   Number         0  __printf_ss_wp.o ABSOLUTE
    ../clib/printf.c                         0x00000000   Number         0  __printf_flags_wp.o ABSOLUTE
    ../clib/printf.c                         0x00000000   Number         0  __printf_wp.o ABSOLUTE
    ../clib/printf_percent.s                 0x00000000   Number         0  _printf_percent.o ABSOLUTE
    ../clib/printf_percent.s                 0x00000000   Number         0  _printf_f.o ABSOLUTE
    ../clib/printf_percent.s                 0x00000000   Number         0  _printf_percent_end.o ABSOLUTE
    ../clib/signal.c                         0x00000000   Number         0  defsig_other.o ABSOLUTE
    ../clib/signal.c                         0x00000000   Number         0  defsig_segv_inner.o ABSOLUTE
    ../clib/signal.c                         0x00000000   Number         0  defsig_cppl_inner.o ABSOLUTE
    ../clib/signal.c                         0x00000000   Number         0  defsig_pvfn_inner.o ABSOLUTE
    ../clib/signal.c                         0x00000000   Number         0  defsig_stak_inner.o ABSOLUTE
    ../clib/signal.c                         0x00000000   Number         0  defsig_fpe_inner.o ABSOLUTE
    ../clib/signal.c                         0x00000000   Number         0  defsig_abrt_inner.o ABSOLUTE
    ../clib/signal.c                         0x00000000   Number         0  defsig_general.o ABSOLUTE
    ../clib/signal.c                         0x00000000   Number         0  __raise.o ABSOLUTE
    ../clib/signal.c                         0x00000000   Number         0  defsig_rtmem_outer.o ABSOLUTE
    ../clib/signal.c                         0x00000000   Number         0  defsig_rtmem_formal.o ABSOLUTE
    ../clib/signal.c                         0x00000000   Number         0  defsig_rtmem_inner.o ABSOLUTE
    ../clib/signal.c                         0x00000000   Number         0  defsig_rtred_inner.o ABSOLUTE
    ../clib/signal.c                         0x00000000   Number         0  defsig_exit.o ABSOLUTE
    ../clib/signal.s                         0x00000000   Number         0  defsig.o ABSOLUTE
    ../clib/stdio.c                          0x00000000   Number         0  ferror_locked.o ABSOLUTE
    ../clib/stdio.c                          0x00000000   Number         0  ferror.o ABSOLUTE
    ../clib/stdlib.c                         0x00000000   Number         0  exit.o ABSOLUTE
    ../fplib/d2f.s                           0x00000000   Number         0  d2f.o ABSOLUTE
    ../fplib/dmul.s                          0x00000000   Number         0  dmul.o ABSOLUTE
    ../fplib/dnaninf.s                       0x00000000   Number         0  dnaninf.o ABSOLUTE
    ../fplib/dretinf.s                       0x00000000   Number         0  dretinf.o ABSOLUTE
    ../fplib/f2d.s                           0x00000000   Number         0  f2d.o ABSOLUTE
    ../fplib/fnaninf.s                       0x00000000   Number         0  fnaninf.o ABSOLUTE
    ../fplib/fpinit.s                        0x00000000   Number         0  fpinit.o ABSOLUTE
    ../fplib/fretinf.s                       0x00000000   Number         0  fretinf.o ABSOLUTE
    ../fplib/istatus.s                       0x00000000   Number         0  istatus.o ABSOLUTE
    ../fplib/printf1.s                       0x00000000   Number         0  printf1.o ABSOLUTE
    ../fplib/usenofp.s                       0x00000000   Number         0  usenofp.o ABSOLUTE
    ../mathlib/fpclassify.c                  0x00000000   Number         0  fpclassify.o ABSOLUTE
    ..\CORE\startup_stm32f401xx.s            0x00000000   Number         0  startup_stm32f401xx.o ABSOLUTE
    ..\FWLIB\src\misc.c                      0x00000000   Number         0  misc.o ABSOLUTE
    ..\FWLIB\src\stm32f4xx_adc.c             0x00000000   Number         0  stm32f4xx_adc.o ABSOLUTE
    ..\FWLIB\src\stm32f4xx_gpio.c            0x00000000   Number         0  stm32f4xx_gpio.o ABSOLUTE
    ..\FWLIB\src\stm32f4xx_rcc.c             0x00000000   Number         0  stm32f4xx_rcc.o ABSOLUTE
    ..\FWLIB\src\stm32f4xx_syscfg.c          0x00000000   Number         0  stm32f4xx_syscfg.o ABSOLUTE
    ..\FWLIB\src\stm32f4xx_usart.c           0x00000000   Number         0  stm32f4xx_usart.o ABSOLUTE
    ..\HARDWARE\LED\led.c                    0x00000000   Number         0  led.o ABSOLUTE
    ..\SYSTEM\adc\adc.c                      0x00000000   Number         0  adc.o ABSOLUTE
    ..\SYSTEM\delay\delay.c                  0x00000000   Number         0  delay.o ABSOLUTE
    ..\SYSTEM\sys\sys.c                      0x00000000   Number         0  sys.o ABSOLUTE
    ..\SYSTEM\usart\usart.c                  0x00000000   Number         0  usart.o ABSOLUTE
    ..\\FWLIB\\src\\misc.c                   0x00000000   Number         0  misc.o ABSOLUTE
    ..\\FWLIB\\src\\stm32f4xx_adc.c          0x00000000   Number         0  stm32f4xx_adc.o ABSOLUTE
    ..\\FWLIB\\src\\stm32f4xx_gpio.c         0x00000000   Number         0  stm32f4xx_gpio.o ABSOLUTE
    ..\\FWLIB\\src\\stm32f4xx_rcc.c          0x00000000   Number         0  stm32f4xx_rcc.o ABSOLUTE
    ..\\FWLIB\\src\\stm32f4xx_syscfg.c       0x00000000   Number         0  stm32f4xx_syscfg.o ABSOLUTE
    ..\\FWLIB\\src\\stm32f4xx_usart.c        0x00000000   Number         0  stm32f4xx_usart.o ABSOLUTE
    ..\\HARDWARE\\LED\\led.c                 0x00000000   Number         0  led.o ABSOLUTE
    ..\\SYSTEM\\adc\\adc.c                   0x00000000   Number         0  adc.o ABSOLUTE
    ..\\SYSTEM\\delay\\delay.c               0x00000000   Number         0  delay.o ABSOLUTE
    ..\\SYSTEM\\sys\\sys.c                   0x00000000   Number         0  sys.o ABSOLUTE
    ..\\SYSTEM\\usart\\usart.c               0x00000000   Number         0  usart.o ABSOLUTE
    dc.s                                     0x00000000   Number         0  dc.o ABSOLUTE
    main.c                                   0x00000000   Number         0  main.o ABSOLUTE
    main.c                                   0x00000000   Number         0  main.o ABSOLUTE
    stm32f4xx_it.c                           0x00000000   Number         0  stm32f4xx_it.o ABSOLUTE
    stm32f4xx_it.c                           0x00000000   Number         0  stm32f4xx_it.o ABSOLUTE
    system_stm32f4xx.c                       0x00000000   Number         0  system_stm32f4xx.o ABSOLUTE
    system_stm32f4xx.c                       0x00000000   Number         0  system_stm32f4xx.o ABSOLUTE
    RESET                                    0x08000000   Section      404  startup_stm32f401xx.o(RESET)
    !!!main                                  0x08000194   Section        8  __main.o(!!!main)
    !!!scatter                               0x0800019c   Section       52  __scatter.o(!!!scatter)
    !!handler_copy                           0x080001d0   Section       26  __scatter_copy.o(!!handler_copy)
    !!handler_zi                             0x080001ec   Section       28  __scatter_zi.o(!!handler_zi)
    .ARM.Collect$$_printf_percent$$00000000  0x08000208   Section        0  _printf_percent.o(.ARM.Collect$$_printf_percent$$00000000)
    .ARM.Collect$$_printf_percent$$00000003  0x08000208   Section        6  _printf_f.o(.ARM.Collect$$_printf_percent$$00000003)
    .ARM.Collect$$_printf_percent$$00000017  0x0800020e   Section        4  _printf_percent_end.o(.ARM.Collect$$_printf_percent$$00000017)
    .ARM.Collect$$libinit$$00000000          0x08000212   Section        2  libinit.o(.ARM.Collect$$libinit$$00000000)
    .ARM.Collect$$libinit$$00000001          0x08000214   Section        4  libinit2.o(.ARM.Collect$$libinit$$00000001)
    .ARM.Collect$$libinit$$00000004          0x08000218   Section        0  libinit2.o(.ARM.Collect$$libinit$$00000004)
    .ARM.Collect$$libinit$$0000000A          0x08000218   Section        0  libinit2.o(.ARM.Collect$$libinit$$0000000A)
    .ARM.Collect$$libinit$$0000000C          0x08000218   Section        0  libinit2.o(.ARM.Collect$$libinit$$0000000C)
    .ARM.Collect$$libinit$$0000000E          0x08000218   Section        0  libinit2.o(.ARM.Collect$$libinit$$0000000E)
    .ARM.Collect$$libinit$$0000000F          0x08000218   Section        6  libinit2.o(.ARM.Collect$$libinit$$0000000F)
    .ARM.Collect$$libinit$$00000011          0x0800021e   Section        0  libinit2.o(.ARM.Collect$$libinit$$00000011)
    .ARM.Collect$$libinit$$00000013          0x0800021e   Section        0  libinit2.o(.ARM.Collect$$libinit$$00000013)
    .ARM.Collect$$libinit$$00000015          0x0800021e   Section        0  libinit2.o(.ARM.Collect$$libinit$$00000015)
    .ARM.Collect$$libinit$$00000016          0x0800021e   Section       10  libinit2.o(.ARM.Collect$$libinit$$00000016)
    .ARM.Collect$$libinit$$00000017          0x08000228   Section        0  libinit2.o(.ARM.Collect$$libinit$$00000017)
    .ARM.Collect$$libinit$$00000019          0x08000228   Section        0  libinit2.o(.ARM.Collect$$libinit$$00000019)
    .ARM.Collect$$libinit$$0000001B          0x08000228   Section        0  libinit2.o(.ARM.Collect$$libinit$$0000001B)
    .ARM.Collect$$libinit$$0000001D          0x08000228   Section        0  libinit2.o(.ARM.Collect$$libinit$$0000001D)
    .ARM.Collect$$libinit$$0000001F          0x08000228   Section        0  libinit2.o(.ARM.Collect$$libinit$$0000001F)
    .ARM.Collect$$libinit$$00000021          0x08000228   Section        0  libinit2.o(.ARM.Collect$$libinit$$00000021)
    .ARM.Collect$$libinit$$00000023          0x08000228   Section        0  libinit2.o(.ARM.Collect$$libinit$$00000023)
    .ARM.Collect$$libinit$$00000025          0x08000228   Section        0  libinit2.o(.ARM.Collect$$libinit$$00000025)
    .ARM.Collect$$libinit$$0000002C          0x08000228   Section        0  libinit2.o(.ARM.Collect$$libinit$$0000002C)
    .ARM.Collect$$libinit$$0000002E          0x08000228   Section        0  libinit2.o(.ARM.Collect$$libinit$$0000002E)
    .ARM.Collect$$libinit$$00000030          0x08000228   Section        0  libinit2.o(.ARM.Collect$$libinit$$00000030)
    .ARM.Collect$$libinit$$00000032          0x08000228   Section        0  libinit2.o(.ARM.Collect$$libinit$$00000032)
    .ARM.Collect$$libinit$$00000033          0x08000228   Section        2  libinit2.o(.ARM.Collect$$libinit$$00000033)
    .ARM.Collect$$libshutdown$$00000000      0x0800022a   Section        2  libshutdown.o(.ARM.Collect$$libshutdown$$00000000)
    .ARM.Collect$$libshutdown$$00000002      0x0800022c   Section        0  libshutdown2.o(.ARM.Collect$$libshutdown$$00000002)
    .ARM.Collect$$libshutdown$$00000004      0x0800022c   Section        0  libshutdown2.o(.ARM.Collect$$libshutdown$$00000004)
    .ARM.Collect$$libshutdown$$00000007      0x0800022c   Section        0  libshutdown2.o(.ARM.Collect$$libshutdown$$00000007)
    .ARM.Collect$$libshutdown$$0000000A      0x0800022c   Section        0  libshutdown2.o(.ARM.Collect$$libshutdown$$0000000A)
    .ARM.Collect$$libshutdown$$0000000C      0x0800022c   Section        0  libshutdown2.o(.ARM.Collect$$libshutdown$$0000000C)
    .ARM.Collect$$libshutdown$$0000000F      0x0800022c   Section        0  libshutdown2.o(.ARM.Collect$$libshutdown$$0000000F)
    .ARM.Collect$$libshutdown$$00000010      0x0800022c   Section        2  libshutdown2.o(.ARM.Collect$$libshutdown$$00000010)
    .ARM.Collect$$rtentry$$00000000          0x0800022e   Section        0  __rtentry.o(.ARM.Collect$$rtentry$$00000000)
    .ARM.Collect$$rtentry$$00000002          0x0800022e   Section        0  __rtentry2.o(.ARM.Collect$$rtentry$$00000002)
    .ARM.Collect$$rtentry$$00000004          0x0800022e   Section        6  __rtentry4.o(.ARM.Collect$$rtentry$$00000004)
    .ARM.Collect$$rtentry$$00000009          0x08000234   Section        0  __rtentry2.o(.ARM.Collect$$rtentry$$00000009)
    .ARM.Collect$$rtentry$$0000000A          0x08000234   Section        4  __rtentry2.o(.ARM.Collect$$rtentry$$0000000A)
    .ARM.Collect$$rtentry$$0000000C          0x08000238   Section        0  __rtentry2.o(.ARM.Collect$$rtentry$$0000000C)
    .ARM.Collect$$rtentry$$0000000D          0x08000238   Section        8  __rtentry2.o(.ARM.Collect$$rtentry$$0000000D)
    .ARM.Collect$$rtexit$$00000000           0x08000240   Section        2  rtexit.o(.ARM.Collect$$rtexit$$00000000)
    .ARM.Collect$$rtexit$$00000002           0x08000242   Section        0  rtexit2.o(.ARM.Collect$$rtexit$$00000002)
    .ARM.Collect$$rtexit$$00000003           0x08000242   Section        4  rtexit2.o(.ARM.Collect$$rtexit$$00000003)
    .ARM.Collect$$rtexit$$00000004           0x08000246   Section        6  rtexit2.o(.ARM.Collect$$rtexit$$00000004)
    .text                                    0x0800024c   Section       64  startup_stm32f401xx.o(.text)
    $v0                                      0x0800024c   Number         0  startup_stm32f401xx.o(.text)
    .text                                    0x0800028c   Section        2  use_no_semi_2.o(.text)
    .text                                    0x08000290   Section        0  noretval__2printf.o(.text)
    .text                                    0x080002a8   Section        0  __printf.o(.text)
    .text                                    0x08000310   Section        0  heapauxi.o(.text)
    .text                                    0x08000316   Section        2  use_no_semi.o(.text)
    .text                                    0x08000318   Section        0  _printf_fp_dec.o(.text)
    _fp_digits                               0x0800031b   Thumb Code   432  _printf_fp_dec.o(.text)
    .text                                    0x08000738   Section        0  _printf_char_file.o(.text)
    .text                                    0x0800075c   Section        8  rt_locale_intlibspace.o(.text)
    .text                                    0x08000764   Section      138  lludiv10.o(.text)
    .text                                    0x080007f0   Section        0  _printf_char_common.o(.text)
    _printf_input_char                       0x080007f1   Thumb Code    10  _printf_char_common.o(.text)
    .text                                    0x08000820   Section        0  _printf_fp_infnan.o(.text)
    .text                                    0x080008a0   Section        0  bigflt0.o(.text)
    .text                                    0x08000984   Section        0  ferror.o(.text)
    .text                                    0x0800098c   Section        8  libspace.o(.text)
    .text                                    0x08000994   Section       74  sys_stackheap_outer.o(.text)
    .text                                    0x080009de   Section        0  exit.o(.text)
    .text                                    0x080009f0   Section      128  strcmpv7m.o(.text)
    CL$$btod_d2e                             0x08000a70   Section       62  btod.o(CL$$btod_d2e)
    CL$$btod_d2e_denorm_low                  0x08000aae   Section       70  btod.o(CL$$btod_d2e_denorm_low)
    CL$$btod_d2e_norm_op1                    0x08000af4   Section       96  btod.o(CL$$btod_d2e_norm_op1)
    CL$$btod_div_common                      0x08000b54   Section      824  btod.o(CL$$btod_div_common)
    CL$$btod_e2e                             0x08000e8c   Section      220  btod.o(CL$$btod_e2e)
    CL$$btod_ediv                            0x08000f68   Section       42  btod.o(CL$$btod_ediv)
    CL$$btod_emul                            0x08000f92   Section       42  btod.o(CL$$btod_emul)
    CL$$btod_mult_common                     0x08000fbc   Section      580  btod.o(CL$$btod_mult_common)
    i.ADC_Cmd                                0x08001200   Section        0  stm32f4xx_adc.o(i.ADC_Cmd)
    i.ADC_CommonInit                         0x08001218   Section        0  stm32f4xx_adc.o(i.ADC_CommonInit)
    i.ADC_GetConversionValue                 0x08001248   Section        0  stm32f4xx_adc.o(i.ADC_GetConversionValue)
    i.ADC_GetFlagStatus                      0x08001250   Section        0  stm32f4xx_adc.o(i.ADC_GetFlagStatus)
    i.ADC_Init                               0x08001264   Section        0  stm32f4xx_adc.o(i.ADC_Init)
    i.ADC_RegularChannelConfig               0x080012b8   Section        0  stm32f4xx_adc.o(i.ADC_RegularChannelConfig)
    i.ADC_SoftwareStartConv                  0x08001370   Section        0  stm32f4xx_adc.o(i.ADC_SoftwareStartConv)
    i.Adc_Init                               0x0800137c   Section        0  adc.o(i.Adc_Init)
    i.BusFault_Handler                       0x080014c8   Section        0  stm32f4xx_it.o(i.BusFault_Handler)
    i.DebugMon_Handler                       0x080014cc   Section        0  stm32f4xx_it.o(i.DebugMon_Handler)
    i.GPIO_Init                              0x080014ce   Section        0  stm32f4xx_gpio.o(i.GPIO_Init)
    i.GPIO_PinAFConfig                       0x0800155e   Section        0  stm32f4xx_gpio.o(i.GPIO_PinAFConfig)
    i.GPIO_ReadOutputDataBit                 0x080015a4   Section        0  stm32f4xx_gpio.o(i.GPIO_ReadOutputDataBit)
    i.GPIO_ResetBits                         0x080015b6   Section        0  stm32f4xx_gpio.o(i.GPIO_ResetBits)
    i.GPIO_SetBits                           0x080015ba   Section        0  stm32f4xx_gpio.o(i.GPIO_SetBits)
    i.Get_Adc                                0x080015c0   Section        0  adc.o(i.Get_Adc)
    i.Get_Adc_Average                        0x080015f0   Section        0  adc.o(i.Get_Adc_Average)
    i.HardFault_Handler                      0x0800161e   Section        0  stm32f4xx_it.o(i.HardFault_Handler)
    i.LED_Init                               0x08001624   Section        0  led.o(i.LED_Init)
    i.MemManage_Handler                      0x08001660   Section        0  stm32f4xx_it.o(i.MemManage_Handler)
    i.MySingleAdcRead                        0x08001664   Section        0  adc.o(i.MySingleAdcRead)
    i.NMI_Handler                            0x080016cc   Section        0  stm32f4xx_it.o(i.NMI_Handler)
    i.NVIC_Init                              0x080016d0   Section        0  misc.o(i.NVIC_Init)
    i.NVIC_PriorityGroupConfig               0x08001748   Section        0  misc.o(i.NVIC_PriorityGroupConfig)
    i.PendSV_Handler                         0x0800175c   Section        0  stm32f4xx_it.o(i.PendSV_Handler)
    i.RCC_AHB1PeriphClockCmd                 0x08001760   Section        0  stm32f4xx_rcc.o(i.RCC_AHB1PeriphClockCmd)
    i.RCC_APB1PeriphClockCmd                 0x08001780   Section        0  stm32f4xx_rcc.o(i.RCC_APB1PeriphClockCmd)
    i.RCC_APB2PeriphClockCmd                 0x080017a0   Section        0  stm32f4xx_rcc.o(i.RCC_APB2PeriphClockCmd)
    i.RCC_APB2PeriphResetCmd                 0x080017c0   Section        0  stm32f4xx_rcc.o(i.RCC_APB2PeriphResetCmd)
    i.RCC_GetClocksFreq                      0x080017e0   Section        0  stm32f4xx_rcc.o(i.RCC_GetClocksFreq)
    i.SVC_Handler                            0x080018c8   Section        0  stm32f4xx_it.o(i.SVC_Handler)
    i.SetSysClock                            0x080018cc   Section        0  system_stm32f4xx.o(i.SetSysClock)
    SetSysClock                              0x080018cd   Thumb Code   216  system_stm32f4xx.o(i.SetSysClock)
    i.SysTick_CLKSourceConfig                0x080019b4   Section        0  misc.o(i.SysTick_CLKSourceConfig)
    i.SysTick_Handler                        0x080019dc   Section        0  stm32f4xx_it.o(i.SysTick_Handler)
    i.SystemInit                             0x080019e0   Section        0  system_stm32f4xx.o(i.SystemInit)
    i.USART1_IRQHandler                      0x08001a48   Section        0  usart.o(i.USART1_IRQHandler)
    i.USART2_IRQHandler                      0x08001b04   Section        0  usart.o(i.USART2_IRQHandler)
    i.USART_Cmd                              0x08001bb8   Section        0  stm32f4xx_usart.o(i.USART_Cmd)
    i.USART_GetITStatus                      0x08001bd0   Section        0  stm32f4xx_usart.o(i.USART_GetITStatus)
    i.USART_ITConfig                         0x08001c24   Section        0  stm32f4xx_usart.o(i.USART_ITConfig)
    i.USART_Init                             0x08001c70   Section        0  stm32f4xx_usart.o(i.USART_Init)
    i.USART_ReceiveData                      0x08001d44   Section        0  stm32f4xx_usart.o(i.USART_ReceiveData)
    i.USART_SendData                         0x08001d4e   Section        0  stm32f4xx_usart.o(i.USART_SendData)
    i.UsageFault_Handler                     0x08001d56   Section        0  stm32f4xx_it.o(i.UsageFault_Handler)
    i.__ARM_fpclassify                       0x08001d5a   Section        0  fpclassify.o(i.__ARM_fpclassify)
    i._sys_exit                              0x08001d8a   Section        0  usart.o(i._sys_exit)
    i.delay_init                             0x08001d90   Section        0  delay.o(i.delay_init)
    i.delay_ms                               0x08001dcc   Section        0  delay.o(i.delay_ms)
    i.delay_xms                              0x08001e04   Section        0  delay.o(i.delay_xms)
    i.fputc                                  0x08001e50   Section        0  usart.o(i.fputc)
    i.main                                   0x08001e6c   Section        0  main.o(i.main)
    i.uart_init                              0x08001e98   Section        0  usart.o(i.uart_init)
    locale$$code                             0x08001fec   Section       44  lc_numeric_c.o(locale$$code)
    x$fpl$d2f                                0x08002018   Section       98  d2f.o(x$fpl$d2f)
    $v0                                      0x08002018   Number         0  d2f.o(x$fpl$d2f)
    x$fpl$dmul                               0x0800207c   Section      340  dmul.o(x$fpl$dmul)
    $v0                                      0x0800207c   Number         0  dmul.o(x$fpl$dmul)
    x$fpl$dnaninf                            0x080021d0   Section      156  dnaninf.o(x$fpl$dnaninf)
    $v0                                      0x080021d0   Number         0  dnaninf.o(x$fpl$dnaninf)
    x$fpl$dretinf                            0x0800226c   Section       12  dretinf.o(x$fpl$dretinf)
    $v0                                      0x0800226c   Number         0  dretinf.o(x$fpl$dretinf)
    x$fpl$f2d                                0x08002278   Section       86  f2d.o(x$fpl$f2d)
    $v0                                      0x08002278   Number         0  f2d.o(x$fpl$f2d)
    x$fpl$fnaninf                            0x080022ce   Section      140  fnaninf.o(x$fpl$fnaninf)
    $v0                                      0x080022ce   Number         0  fnaninf.o(x$fpl$fnaninf)
    x$fpl$fpinit                             0x0800235a   Section       10  fpinit.o(x$fpl$fpinit)
    $v0                                      0x0800235a   Number         0  fpinit.o(x$fpl$fpinit)
    x$fpl$fretinf                            0x08002364   Section       10  fretinf.o(x$fpl$fretinf)
    $v0                                      0x08002364   Number         0  fretinf.o(x$fpl$fretinf)
    x$fpl$printf1                            0x0800236e   Section        4  printf1.o(x$fpl$printf1)
    $v0                                      0x0800236e   Number         0  printf1.o(x$fpl$printf1)
    x$fpl$usenofp                            0x08002372   Section        0  usenofp.o(x$fpl$usenofp)
    .constdata                               0x08002374   Section      148  bigflt0.o(.constdata)
    tenpwrs_x                                0x08002374   Data          60  bigflt0.o(.constdata)
    tenpwrs_i                                0x080023b0   Data          64  bigflt0.o(.constdata)
    locale$$data                             0x08002428   Section       28  lc_numeric_c.o(locale$$data)
    __lcnum_c_name                           0x0800242c   Data           2  lc_numeric_c.o(locale$$data)
    __lcnum_c_start                          0x08002434   Data           0  lc_numeric_c.o(locale$$data)
    __lcnum_c_point                          0x08002440   Data           0  lc_numeric_c.o(locale$$data)
    __lcnum_c_thousands                      0x08002442   Data           0  lc_numeric_c.o(locale$$data)
    __lcnum_c_grouping                       0x08002443   Data           0  lc_numeric_c.o(locale$$data)
    __lcnum_c_end                            0x08002444   Data           0  lc_numeric_c.o(locale$$data)
    .data                                    0x20000000   Section        4  delay.o(.data)
    fac_us                                   0x20000000   Data           1  delay.o(.data)
    fac_ms                                   0x20000002   Data           2  delay.o(.data)
    .data                                    0x20000004   Section        6  usart.o(.data)
    .data                                    0x2000000a   Section       16  stm32f4xx_rcc.o(.data)
    APBAHBPrescTable                         0x2000000a   Data          16  stm32f4xx_rcc.o(.data)
    .bss                                     0x2000001c   Section      200  usart.o(.bss)
    .bss                                     0x200000e4   Section       96  libspace.o(.bss)
    HEAP                                     0x20000148   Section      512  startup_stm32f401xx.o(HEAP)
    Heap_Mem                                 0x20000148   Data         512  startup_stm32f401xx.o(HEAP)
    STACK                                    0x20000348   Section     1024  startup_stm32f401xx.o(STACK)
    Stack_Mem                                0x20000348   Data        1024  startup_stm32f401xx.o(STACK)
    __initial_sp                             0x20000748   Data           0  startup_stm32f401xx.o(STACK)

    Global Symbols

    Symbol Name                              Value     Ov Type        Size  Object(Section)

    BuildAttributes$$THM_ISAv4$E$P$D$K$B$S$7EM$VFPi3$EXTD16$VFPS$VFMA$PE$A:L22UL41UL21$X:L11$S22US41US21$IEEE1$IW$USESV6$~STKCKD$USESV7$~SHL$OTIME$ROPI$IEEEJ$EBA8$UX$STANDARDLIB$REQ8$PRES8$EABIv2 0x00000000   Number         0  anon$$obj.o ABSOLUTE
    __ARM_use_no_argv                        0x00000000   Number         0  main.o ABSOLUTE
    __ARM_exceptions_init                     - Undefined Weak Reference
    __alloca_initialize                       - Undefined Weak Reference
    __arm_preinit_                            - Undefined Weak Reference
    __cpp_initialize__aeabi_                  - Undefined Weak Reference
    __cxa_finalize                            - Undefined Weak Reference
    __sigvec_lookup                           - Undefined Weak Reference
    _atexit_init                              - Undefined Weak Reference
    _call_atexit_fns                          - Undefined Weak Reference
    _clock_init                               - Undefined Weak Reference
    _fp_trap_init                             - Undefined Weak Reference
    _fp_trap_shutdown                         - Undefined Weak Reference
    _get_lc_collate                           - Undefined Weak Reference
    _get_lc_ctype                             - Undefined Weak Reference
    _get_lc_monetary                          - Undefined Weak Reference
    _get_lc_time                              - Undefined Weak Reference
    _getenv_init                              - Undefined Weak Reference
    _handle_redirection                       - Undefined Weak Reference
    _init_alloc                               - Undefined Weak Reference
    _init_user_alloc                          - Undefined Weak Reference
    _initio                                   - Undefined Weak Reference
    _mutex_acquire                            - Undefined Weak Reference
    _mutex_release                            - Undefined Weak Reference
    _printf_post_padding                      - Undefined Weak Reference
    _printf_pre_padding                       - Undefined Weak Reference
    _rand_init                                - Undefined Weak Reference
    _signal_finish                            - Undefined Weak Reference
    _signal_init                              - Undefined Weak Reference
    _terminate_alloc                          - Undefined Weak Reference
    _terminate_user_alloc                     - Undefined Weak Reference
    _terminateio                              - Undefined Weak Reference
    __Vectors_Size                           0x00000194   Number         0  startup_stm32f401xx.o ABSOLUTE
    __Vectors                                0x08000000   Data           4  startup_stm32f401xx.o(RESET)
    __Vectors_End                            0x08000194   Data           0  startup_stm32f401xx.o(RESET)
    __main                                   0x08000195   Thumb Code     8  __main.o(!!!main)
    __scatterload                            0x0800019d   Thumb Code     0  __scatter.o(!!!scatter)
    __scatterload_rt2                        0x0800019d   Thumb Code    44  __scatter.o(!!!scatter)
    __scatterload_rt2_thumb_only             0x0800019d   Thumb Code     0  __scatter.o(!!!scatter)
    __scatterload_null                       0x080001ab   Thumb Code     0  __scatter.o(!!!scatter)
    __scatterload_copy                       0x080001d1   Thumb Code    26  __scatter_copy.o(!!handler_copy)
    __scatterload_zeroinit                   0x080001ed   Thumb Code    28  __scatter_zi.o(!!handler_zi)
    _printf_f                                0x08000209   Thumb Code     0  _printf_f.o(.ARM.Collect$$_printf_percent$$00000003)
    _printf_percent                          0x08000209   Thumb Code     0  _printf_percent.o(.ARM.Collect$$_printf_percent$$00000000)
    _printf_percent_end                      0x0800020f   Thumb Code     0  _printf_percent_end.o(.ARM.Collect$$_printf_percent$$00000017)
    __rt_lib_init                            0x08000213   Thumb Code     0  libinit.o(.ARM.Collect$$libinit$$00000000)
    __rt_lib_init_fp_1                       0x08000215   Thumb Code     0  libinit2.o(.ARM.Collect$$libinit$$00000001)
    __rt_lib_init_heap_1                     0x08000219   Thumb Code     0  libinit2.o(.ARM.Collect$$libinit$$0000000A)
    __rt_lib_init_lc_common                  0x08000219   Thumb Code     0  libinit2.o(.ARM.Collect$$libinit$$0000000F)
    __rt_lib_init_preinit_1                  0x08000219   Thumb Code     0  libinit2.o(.ARM.Collect$$libinit$$00000004)
    __rt_lib_init_rand_1                     0x08000219   Thumb Code     0  libinit2.o(.ARM.Collect$$libinit$$0000000E)
    __rt_lib_init_user_alloc_1               0x08000219   Thumb Code     0  libinit2.o(.ARM.Collect$$libinit$$0000000C)
    __rt_lib_init_lc_collate_1               0x0800021f   Thumb Code     0  libinit2.o(.ARM.Collect$$libinit$$00000011)
    __rt_lib_init_lc_ctype_1                 0x0800021f   Thumb Code     0  libinit2.o(.ARM.Collect$$libinit$$00000013)
    __rt_lib_init_lc_monetary_1              0x0800021f   Thumb Code     0  libinit2.o(.ARM.Collect$$libinit$$00000015)
    __rt_lib_init_lc_numeric_2               0x0800021f   Thumb Code     0  libinit2.o(.ARM.Collect$$libinit$$00000016)
    __rt_lib_init_alloca_1                   0x08000229   Thumb Code     0  libinit2.o(.ARM.Collect$$libinit$$0000002E)
    __rt_lib_init_argv_1                     0x08000229   Thumb Code     0  libinit2.o(.ARM.Collect$$libinit$$0000002C)
    __rt_lib_init_atexit_1                   0x08000229   Thumb Code     0  libinit2.o(.ARM.Collect$$libinit$$0000001B)
    __rt_lib_init_clock_1                    0x08000229   Thumb Code     0  libinit2.o(.ARM.Collect$$libinit$$00000021)
    __rt_lib_init_cpp_1                      0x08000229   Thumb Code     0  libinit2.o(.ARM.Collect$$libinit$$00000032)
    __rt_lib_init_exceptions_1               0x08000229   Thumb Code     0  libinit2.o(.ARM.Collect$$libinit$$00000030)
    __rt_lib_init_fp_trap_1                  0x08000229   Thumb Code     0  libinit2.o(.ARM.Collect$$libinit$$0000001F)
    __rt_lib_init_getenv_1                   0x08000229   Thumb Code     0  libinit2.o(.ARM.Collect$$libinit$$00000023)
    __rt_lib_init_lc_numeric_1               0x08000229   Thumb Code     0  libinit2.o(.ARM.Collect$$libinit$$00000017)
    __rt_lib_init_lc_time_1                  0x08000229   Thumb Code     0  libinit2.o(.ARM.Collect$$libinit$$00000019)
    __rt_lib_init_return                     0x08000229   Thumb Code     0  libinit2.o(.ARM.Collect$$libinit$$00000033)
    __rt_lib_init_signal_1                   0x08000229   Thumb Code     0  libinit2.o(.ARM.Collect$$libinit$$0000001D)
    __rt_lib_init_stdio_1                    0x08000229   Thumb Code     0  libinit2.o(.ARM.Collect$$libinit$$00000025)
    __rt_lib_shutdown                        0x0800022b   Thumb Code     0  libshutdown.o(.ARM.Collect$$libshutdown$$00000000)
    __rt_lib_shutdown_cpp_1                  0x0800022d   Thumb Code     0  libshutdown2.o(.ARM.Collect$$libshutdown$$00000002)
    __rt_lib_shutdown_fp_trap_1              0x0800022d   Thumb Code     0  libshutdown2.o(.ARM.Collect$$libshutdown$$00000007)
    __rt_lib_shutdown_heap_1                 0x0800022d   Thumb Code     0  libshutdown2.o(.ARM.Collect$$libshutdown$$0000000F)
    __rt_lib_shutdown_return                 0x0800022d   Thumb Code     0  libshutdown2.o(.ARM.Collect$$libshutdown$$00000010)
    __rt_lib_shutdown_signal_1               0x0800022d   Thumb Code     0  libshutdown2.o(.ARM.Collect$$libshutdown$$0000000A)
    __rt_lib_shutdown_stdio_1                0x0800022d   Thumb Code     0  libshutdown2.o(.ARM.Collect$$libshutdown$$00000004)
    __rt_lib_shutdown_user_alloc_1           0x0800022d   Thumb Code     0  libshutdown2.o(.ARM.Collect$$libshutdown$$0000000C)
    __rt_entry                               0x0800022f   Thumb Code     0  __rtentry.o(.ARM.Collect$$rtentry$$00000000)
    __rt_entry_presh_1                       0x0800022f   Thumb Code     0  __rtentry2.o(.ARM.Collect$$rtentry$$00000002)
    __rt_entry_sh                            0x0800022f   Thumb Code     0  __rtentry4.o(.ARM.Collect$$rtentry$$00000004)
    __rt_entry_li                            0x08000235   Thumb Code     0  __rtentry2.o(.ARM.Collect$$rtentry$$0000000A)
    __rt_entry_postsh_1                      0x08000235   Thumb Code     0  __rtentry2.o(.ARM.Collect$$rtentry$$00000009)
    __rt_entry_main                          0x08000239   Thumb Code     0  __rtentry2.o(.ARM.Collect$$rtentry$$0000000D)
    __rt_entry_postli_1                      0x08000239   Thumb Code     0  __rtentry2.o(.ARM.Collect$$rtentry$$0000000C)
    __rt_exit                                0x08000241   Thumb Code     0  rtexit.o(.ARM.Collect$$rtexit$$00000000)
    __rt_exit_ls                             0x08000243   Thumb Code     0  rtexit2.o(.ARM.Collect$$rtexit$$00000003)
    __rt_exit_prels_1                        0x08000243   Thumb Code     0  rtexit2.o(.ARM.Collect$$rtexit$$00000002)
    __rt_exit_exit                           0x08000247   Thumb Code     0  rtexit2.o(.ARM.Collect$$rtexit$$00000004)
    Reset_Handler                            0x0800024d   Thumb Code     8  startup_stm32f401xx.o(.text)
    ADC_IRQHandler                           0x08000267   Thumb Code     0  startup_stm32f401xx.o(.text)
    DMA1_Stream0_IRQHandler                  0x08000267   Thumb Code     0  startup_stm32f401xx.o(.text)
    DMA1_Stream1_IRQHandler                  0x08000267   Thumb Code     0  startup_stm32f401xx.o(.text)
    DMA1_Stream2_IRQHandler                  0x08000267   Thumb Code     0  startup_stm32f401xx.o(.text)
    DMA1_Stream3_IRQHandler                  0x08000267   Thumb Code     0  startup_stm32f401xx.o(.text)
    DMA1_Stream4_IRQHandler                  0x08000267   Thumb Code     0  startup_stm32f401xx.o(.text)
    DMA1_Stream5_IRQHandler                  0x08000267   Thumb Code     0  startup_stm32f401xx.o(.text)
    DMA1_Stream6_IRQHandler                  0x08000267   Thumb Code     0  startup_stm32f401xx.o(.text)
    DMA1_Stream7_IRQHandler                  0x08000267   Thumb Code     0  startup_stm32f401xx.o(.text)
    DMA2_Stream0_IRQHandler                  0x08000267   Thumb Code     0  startup_stm32f401xx.o(.text)
    DMA2_Stream1_IRQHandler                  0x08000267   Thumb Code     0  startup_stm32f401xx.o(.text)
    DMA2_Stream2_IRQHandler                  0x08000267   Thumb Code     0  startup_stm32f401xx.o(.text)
    DMA2_Stream3_IRQHandler                  0x08000267   Thumb Code     0  startup_stm32f401xx.o(.text)
    DMA2_Stream4_IRQHandler                  0x08000267   Thumb Code     0  startup_stm32f401xx.o(.text)
    DMA2_Stream5_IRQHandler                  0x08000267   Thumb Code     0  startup_stm32f401xx.o(.text)
    DMA2_Stream6_IRQHandler                  0x08000267   Thumb Code     0  startup_stm32f401xx.o(.text)
    DMA2_Stream7_IRQHandler                  0x08000267   Thumb Code     0  startup_stm32f401xx.o(.text)
    EXTI0_IRQHandler                         0x08000267   Thumb Code     0  startup_stm32f401xx.o(.text)
    EXTI15_10_IRQHandler                     0x08000267   Thumb Code     0  startup_stm32f401xx.o(.text)
    EXTI1_IRQHandler                         0x08000267   Thumb Code     0  startup_stm32f401xx.o(.text)
    EXTI2_IRQHandler                         0x08000267   Thumb Code     0  startup_stm32f401xx.o(.text)
    EXTI3_IRQHandler                         0x08000267   Thumb Code     0  startup_stm32f401xx.o(.text)
    EXTI4_IRQHandler                         0x08000267   Thumb Code     0  startup_stm32f401xx.o(.text)
    EXTI9_5_IRQHandler                       0x08000267   Thumb Code     0  startup_stm32f401xx.o(.text)
    FLASH_IRQHandler                         0x08000267   Thumb Code     0  startup_stm32f401xx.o(.text)
    FPU_IRQHandler                           0x08000267   Thumb Code     0  startup_stm32f401xx.o(.text)
    I2C1_ER_IRQHandler                       0x08000267   Thumb Code     0  startup_stm32f401xx.o(.text)
    I2C1_EV_IRQHandler                       0x08000267   Thumb Code     0  startup_stm32f401xx.o(.text)
    I2C2_ER_IRQHandler                       0x08000267   Thumb Code     0  startup_stm32f401xx.o(.text)
    I2C2_EV_IRQHandler                       0x08000267   Thumb Code     0  startup_stm32f401xx.o(.text)
    I2C3_ER_IRQHandler                       0x08000267   Thumb Code     0  startup_stm32f401xx.o(.text)
    I2C3_EV_IRQHandler                       0x08000267   Thumb Code     0  startup_stm32f401xx.o(.text)
    OTG_FS_IRQHandler                        0x08000267   Thumb Code     0  startup_stm32f401xx.o(.text)
    OTG_FS_WKUP_IRQHandler                   0x08000267   Thumb Code     0  startup_stm32f401xx.o(.text)
    PVD_IRQHandler                           0x08000267   Thumb Code     0  startup_stm32f401xx.o(.text)
    RCC_IRQHandler                           0x08000267   Thumb Code     0  startup_stm32f401xx.o(.text)
    RTC_Alarm_IRQHandler                     0x08000267   Thumb Code     0  startup_stm32f401xx.o(.text)
    RTC_WKUP_IRQHandler                      0x08000267   Thumb Code     0  startup_stm32f401xx.o(.text)
    SDIO_IRQHandler                          0x08000267   Thumb Code     0  startup_stm32f401xx.o(.text)
    SPI1_IRQHandler                          0x08000267   Thumb Code     0  startup_stm32f401xx.o(.text)
    SPI2_IRQHandler                          0x08000267   Thumb Code     0  startup_stm32f401xx.o(.text)
    SPI3_IRQHandler                          0x08000267   Thumb Code     0  startup_stm32f401xx.o(.text)
    SPI4_IRQHandler                          0x08000267   Thumb Code     0  startup_stm32f401xx.o(.text)
    TAMP_STAMP_IRQHandler                    0x08000267   Thumb Code     0  startup_stm32f401xx.o(.text)
    TIM1_BRK_TIM9_IRQHandler                 0x08000267   Thumb Code     0  startup_stm32f401xx.o(.text)
    TIM1_CC_IRQHandler                       0x08000267   Thumb Code     0  startup_stm32f401xx.o(.text)
    TIM1_TRG_COM_TIM11_IRQHandler            0x08000267   Thumb Code     0  startup_stm32f401xx.o(.text)
    TIM1_UP_TIM10_IRQHandler                 0x08000267   Thumb Code     0  startup_stm32f401xx.o(.text)
    TIM2_IRQHandler                          0x08000267   Thumb Code     0  startup_stm32f401xx.o(.text)
    TIM3_IRQHandler                          0x08000267   Thumb Code     0  startup_stm32f401xx.o(.text)
    TIM4_IRQHandler                          0x08000267   Thumb Code     0  startup_stm32f401xx.o(.text)
    TIM5_IRQHandler                          0x08000267   Thumb Code     0  startup_stm32f401xx.o(.text)
    USART6_IRQHandler                        0x08000267   Thumb Code     0  startup_stm32f401xx.o(.text)
    WWDG_IRQHandler                          0x08000267   Thumb Code     0  startup_stm32f401xx.o(.text)
    __user_initial_stackheap                 0x08000269   Thumb Code     0  startup_stm32f401xx.o(.text)
    __use_no_semihosting                     0x0800028d   Thumb Code     2  use_no_semi_2.o(.text)
    __2printf                                0x08000291   Thumb Code    20  noretval__2printf.o(.text)
    __printf                                 0x080002a9   Thumb Code   104  __printf.o(.text)
    __use_two_region_memory                  0x08000311   Thumb Code     2  heapauxi.o(.text)
    __rt_heap_escrow$2region                 0x08000313   Thumb Code     2  heapauxi.o(.text)
    __rt_heap_expand$2region                 0x08000315   Thumb Code     2  heapauxi.o(.text)
    __I$use$semihosting                      0x08000317   Thumb Code     0  use_no_semi.o(.text)
    __use_no_semihosting_swi                 0x08000317   Thumb Code     2  use_no_semi.o(.text)
    __lib_sel_fp_printf                      0x08000319   Thumb Code     2  _printf_fp_dec.o(.text)
    _printf_fp_dec_real                      0x080004cb   Thumb Code   620  _printf_fp_dec.o(.text)
    _printf_char_file                        0x08000739   Thumb Code    32  _printf_char_file.o(.text)
    __rt_locale                              0x0800075d   Thumb Code     8  rt_locale_intlibspace.o(.text)
    _ll_udiv10                               0x08000765   Thumb Code   138  lludiv10.o(.text)
    _printf_char_common                      0x080007fb   Thumb Code    32  _printf_char_common.o(.text)
    _printf_fp_infnan                        0x08000821   Thumb Code   112  _printf_fp_infnan.o(.text)
    _btod_etento                             0x080008a1   Thumb Code   224  bigflt0.o(.text)
    ferror                                   0x08000985   Thumb Code     8  ferror.o(.text)
    __user_libspace                          0x0800098d   Thumb Code     8  libspace.o(.text)
    __user_perproc_libspace                  0x0800098d   Thumb Code     0  libspace.o(.text)
    __user_perthread_libspace                0x0800098d   Thumb Code     0  libspace.o(.text)
    __user_setup_stackheap                   0x08000995   Thumb Code    74  sys_stackheap_outer.o(.text)
    exit                                     0x080009df   Thumb Code    18  exit.o(.text)
    strcmp                                   0x080009f1   Thumb Code   128  strcmpv7m.o(.text)
    _btod_d2e                                0x08000a71   Thumb Code    62  btod.o(CL$$btod_d2e)
    _d2e_denorm_low                          0x08000aaf   Thumb Code    70  btod.o(CL$$btod_d2e_denorm_low)
    _d2e_norm_op1                            0x08000af5   Thumb Code    96  btod.o(CL$$btod_d2e_norm_op1)
    __btod_div_common                        0x08000b55   Thumb Code   696  btod.o(CL$$btod_div_common)
    _e2e                                     0x08000e8d   Thumb Code   220  btod.o(CL$$btod_e2e)
    _btod_ediv                               0x08000f69   Thumb Code    42  btod.o(CL$$btod_ediv)
    _btod_emul                               0x08000f93   Thumb Code    42  btod.o(CL$$btod_emul)
    __btod_mult_common                       0x08000fbd   Thumb Code   580  btod.o(CL$$btod_mult_common)
    ADC_Cmd                                  0x08001201   Thumb Code    22  stm32f4xx_adc.o(i.ADC_Cmd)
    ADC_CommonInit                           0x08001219   Thumb Code    34  stm32f4xx_adc.o(i.ADC_CommonInit)
    ADC_GetConversionValue                   0x08001249   Thumb Code     8  stm32f4xx_adc.o(i.ADC_GetConversionValue)
    ADC_GetFlagStatus                        0x08001251   Thumb Code    18  stm32f4xx_adc.o(i.ADC_GetFlagStatus)
    ADC_Init                                 0x08001265   Thumb Code    74  stm32f4xx_adc.o(i.ADC_Init)
    ADC_RegularChannelConfig                 0x080012b9   Thumb Code   184  stm32f4xx_adc.o(i.ADC_RegularChannelConfig)
    ADC_SoftwareStartConv                    0x08001371   Thumb Code    10  stm32f4xx_adc.o(i.ADC_SoftwareStartConv)
    Adc_Init                                 0x0800137d   Thumb Code   310  adc.o(i.Adc_Init)
    BusFault_Handler                         0x080014c9   Thumb Code     4  stm32f4xx_it.o(i.BusFault_Handler)
    DebugMon_Handler                         0x080014cd   Thumb Code     2  stm32f4xx_it.o(i.DebugMon_Handler)
    GPIO_Init                                0x080014cf   Thumb Code   144  stm32f4xx_gpio.o(i.GPIO_Init)
    GPIO_PinAFConfig                         0x0800155f   Thumb Code    70  stm32f4xx_gpio.o(i.GPIO_PinAFConfig)
    GPIO_ReadOutputDataBit                   0x080015a5   Thumb Code    18  stm32f4xx_gpio.o(i.GPIO_ReadOutputDataBit)
    GPIO_ResetBits                           0x080015b7   Thumb Code     4  stm32f4xx_gpio.o(i.GPIO_ResetBits)
    GPIO_SetBits                             0x080015bb   Thumb Code     4  stm32f4xx_gpio.o(i.GPIO_SetBits)
    Get_Adc                                  0x080015c1   Thumb Code    44  adc.o(i.Get_Adc)
    Get_Adc_Average                          0x080015f1   Thumb Code    46  adc.o(i.Get_Adc_Average)
    HardFault_Handler                        0x0800161f   Thumb Code     4  stm32f4xx_it.o(i.HardFault_Handler)
    LED_Init                                 0x08001625   Thumb Code    56  led.o(i.LED_Init)
    MemManage_Handler                        0x08001661   Thumb Code     4  stm32f4xx_it.o(i.MemManage_Handler)
    MySingleAdcRead                          0x08001665   Thumb Code    88  adc.o(i.MySingleAdcRead)
    NMI_Handler                              0x080016cd   Thumb Code     2  stm32f4xx_it.o(i.NMI_Handler)
    NVIC_Init                                0x080016d1   Thumb Code   106  misc.o(i.NVIC_Init)
    NVIC_PriorityGroupConfig                 0x08001749   Thumb Code    10  misc.o(i.NVIC_PriorityGroupConfig)
    PendSV_Handler                           0x0800175d   Thumb Code     2  stm32f4xx_it.o(i.PendSV_Handler)
    RCC_AHB1PeriphClockCmd                   0x08001761   Thumb Code    26  stm32f4xx_rcc.o(i.RCC_AHB1PeriphClockCmd)
    RCC_APB1PeriphClockCmd                   0x08001781   Thumb Code    26  stm32f4xx_rcc.o(i.RCC_APB1PeriphClockCmd)
    RCC_APB2PeriphClockCmd                   0x080017a1   Thumb Code    26  stm32f4xx_rcc.o(i.RCC_APB2PeriphClockCmd)
    RCC_APB2PeriphResetCmd                   0x080017c1   Thumb Code    26  stm32f4xx_rcc.o(i.RCC_APB2PeriphResetCmd)
    RCC_GetClocksFreq                        0x080017e1   Thumb Code   214  stm32f4xx_rcc.o(i.RCC_GetClocksFreq)
    SVC_Handler                              0x080018c9   Thumb Code     2  stm32f4xx_it.o(i.SVC_Handler)
    SysTick_CLKSourceConfig                  0x080019b5   Thumb Code    40  misc.o(i.SysTick_CLKSourceConfig)
    SysTick_Handler                          0x080019dd   Thumb Code     2  stm32f4xx_it.o(i.SysTick_Handler)
    SystemInit                               0x080019e1   Thumb Code    88  system_stm32f4xx.o(i.SystemInit)
    USART1_IRQHandler                        0x08001a49   Thumb Code   172  usart.o(i.USART1_IRQHandler)
    USART2_IRQHandler                        0x08001b05   Thumb Code   164  usart.o(i.USART2_IRQHandler)
    USART_Cmd                                0x08001bb9   Thumb Code    24  stm32f4xx_usart.o(i.USART_Cmd)
    USART_GetITStatus                        0x08001bd1   Thumb Code    84  stm32f4xx_usart.o(i.USART_GetITStatus)
    USART_ITConfig                           0x08001c25   Thumb Code    74  stm32f4xx_usart.o(i.USART_ITConfig)
    USART_Init                               0x08001c71   Thumb Code   204  stm32f4xx_usart.o(i.USART_Init)
    USART_ReceiveData                        0x08001d45   Thumb Code    10  stm32f4xx_usart.o(i.USART_ReceiveData)
    USART_SendData                           0x08001d4f   Thumb Code     8  stm32f4xx_usart.o(i.USART_SendData)
    UsageFault_Handler                       0x08001d57   Thumb Code     4  stm32f4xx_it.o(i.UsageFault_Handler)
    __ARM_fpclassify                         0x08001d5b   Thumb Code    48  fpclassify.o(i.__ARM_fpclassify)
    _sys_exit                                0x08001d8b   Thumb Code     4  usart.o(i._sys_exit)
    delay_init                               0x08001d91   Thumb Code    52  delay.o(i.delay_init)
    delay_ms                                 0x08001dcd   Thumb Code    56  delay.o(i.delay_ms)
    delay_xms                                0x08001e05   Thumb Code    72  delay.o(i.delay_xms)
    fputc                                    0x08001e51   Thumb Code    24  usart.o(i.fputc)
    main                                     0x08001e6d   Thumb Code    42  main.o(i.main)
    uart_init                                0x08001e99   Thumb Code   326  usart.o(i.uart_init)
    _get_lc_numeric                          0x08001fed   Thumb Code    44  lc_numeric_c.o(locale$$code)
    __aeabi_d2f                              0x08002019   Thumb Code     0  d2f.o(x$fpl$d2f)
    _d2f                                     0x08002019   Thumb Code    98  d2f.o(x$fpl$d2f)
    __aeabi_dmul                             0x0800207d   Thumb Code     0  dmul.o(x$fpl$dmul)
    _dmul                                    0x0800207d   Thumb Code   332  dmul.o(x$fpl$dmul)
    __fpl_dnaninf                            0x080021d1   Thumb Code   156  dnaninf.o(x$fpl$dnaninf)
    __fpl_dretinf                            0x0800226d   Thumb Code    12  dretinf.o(x$fpl$dretinf)
    __aeabi_f2d                              0x08002279   Thumb Code     0  f2d.o(x$fpl$f2d)
    _f2d                                     0x08002279   Thumb Code    86  f2d.o(x$fpl$f2d)
    __fpl_fnaninf                            0x080022cf   Thumb Code   140  fnaninf.o(x$fpl$fnaninf)
    _fp_init                                 0x0800235b   Thumb Code    10  fpinit.o(x$fpl$fpinit)
    __fplib_config_fpu_vfp                   0x08002363   Thumb Code     0  fpinit.o(x$fpl$fpinit)
    __fplib_config_pureend_doubles           0x08002363   Thumb Code     0  fpinit.o(x$fpl$fpinit)
    __fpl_fretinf                            0x08002365   Thumb Code    10  fretinf.o(x$fpl$fretinf)
    _printf_fp_dec                           0x0800236f   Thumb Code     4  printf1.o(x$fpl$printf1)
    __I$use$fp                               0x08002372   Number         0  usenofp.o(x$fpl$usenofp)
    Region$$Table$$Base                      0x08002408   Number         0  anon$$obj.o(Region$$Table)
    Region$$Table$$Limit                     0x08002428   Number         0  anon$$obj.o(Region$$Table)
    __stdout                                 0x20000004   Data           4  usart.o(.data)
    USART_RX_STA                             0x20000008   Data           2  usart.o(.data)
    USART_RX_BUF                             0x2000001c   Data         200  usart.o(.bss)
    __libspace_start                         0x200000e4   Data          96  libspace.o(.bss)
    __temporary_stack_top$libspace           0x20000144   Data           0  libspace.o(.bss)



==============================================================================

Memory Map of the image

  Image Entry point : 0x08000195

  Load Region LR_IROM1 (Base: 0x08000000, Size: 0x00002460, Max: 0x00060000, ABSOLUTE)

    Execution Region ER_IROM1 (Exec base: 0x08000000, Load base: 0x08000000, Size: 0x00002444, Max: 0x00060000, ABSOLUTE)

    Exec Addr    Load Addr    Size         Type   Attr      Idx    E Section Name        Object

    0x08000000   0x08000000   0x00000194   Data   RO          438    RESET               startup_stm32f401xx.o
    0x08000194   0x08000194   0x00000008   Code   RO         1439  * !!!main             c_w.l(__main.o)
    0x0800019c   0x0800019c   0x00000034   Code   RO         1667    !!!scatter          c_w.l(__scatter.o)
    0x080001d0   0x080001d0   0x0000001a   Code   RO         1669    !!handler_copy      c_w.l(__scatter_copy.o)
    0x080001ea   0x080001ea   0x00000002   PAD
    0x080001ec   0x080001ec   0x0000001c   Code   RO         1671    !!handler_zi        c_w.l(__scatter_zi.o)
    0x08000208   0x08000208   0x00000000   Code   RO         1436    .ARM.Collect$$_printf_percent$$00000000  c_w.l(_printf_percent.o)
    0x08000208   0x08000208   0x00000006   Code   RO         1435    .ARM.Collect$$_printf_percent$$00000003  c_w.l(_printf_f.o)
    0x0800020e   0x0800020e   0x00000004   Code   RO         1456    .ARM.Collect$$_printf_percent$$00000017  c_w.l(_printf_percent_end.o)
    0x08000212   0x08000212   0x00000002   Code   RO         1544    .ARM.Collect$$libinit$$00000000  c_w.l(libinit.o)
    0x08000214   0x08000214   0x00000004   Code   RO         1545    .ARM.Collect$$libinit$$00000001  c_w.l(libinit2.o)
    0x08000218   0x08000218   0x00000000   Code   RO         1548    .ARM.Collect$$libinit$$00000004  c_w.l(libinit2.o)
    0x08000218   0x08000218   0x00000000   Code   RO         1551    .ARM.Collect$$libinit$$0000000A  c_w.l(libinit2.o)
    0x08000218   0x08000218   0x00000000   Code   RO         1553    .ARM.Collect$$libinit$$0000000C  c_w.l(libinit2.o)
    0x08000218   0x08000218   0x00000000   Code   RO         1555    .ARM.Collect$$libinit$$0000000E  c_w.l(libinit2.o)
    0x08000218   0x08000218   0x00000006   Code   RO         1556    .ARM.Collect$$libinit$$0000000F  c_w.l(libinit2.o)
    0x0800021e   0x0800021e   0x00000000   Code   RO         1558    .ARM.Collect$$libinit$$00000011  c_w.l(libinit2.o)
    0x0800021e   0x0800021e   0x00000000   Code   RO         1560    .ARM.Collect$$libinit$$00000013  c_w.l(libinit2.o)
    0x0800021e   0x0800021e   0x00000000   Code   RO         1562    .ARM.Collect$$libinit$$00000015  c_w.l(libinit2.o)
    0x0800021e   0x0800021e   0x0000000a   Code   RO         1563    .ARM.Collect$$libinit$$00000016  c_w.l(libinit2.o)
    0x08000228   0x08000228   0x00000000   Code   RO         1564    .ARM.Collect$$libinit$$00000017  c_w.l(libinit2.o)
    0x08000228   0x08000228   0x00000000   Code   RO         1566    .ARM.Collect$$libinit$$00000019  c_w.l(libinit2.o)
    0x08000228   0x08000228   0x00000000   Code   RO         1568    .ARM.Collect$$libinit$$0000001B  c_w.l(libinit2.o)
    0x08000228   0x08000228   0x00000000   Code   RO         1570    .ARM.Collect$$libinit$$0000001D  c_w.l(libinit2.o)
    0x08000228   0x08000228   0x00000000   Code   RO         1572    .ARM.Collect$$libinit$$0000001F  c_w.l(libinit2.o)
    0x08000228   0x08000228   0x00000000   Code   RO         1574    .ARM.Collect$$libinit$$00000021  c_w.l(libinit2.o)
    0x08000228   0x08000228   0x00000000   Code   RO         1576    .ARM.Collect$$libinit$$00000023  c_w.l(libinit2.o)
    0x08000228   0x08000228   0x00000000   Code   RO         1578    .ARM.Collect$$libinit$$00000025  c_w.l(libinit2.o)
    0x08000228   0x08000228   0x00000000   Code   RO         1582    .ARM.Collect$$libinit$$0000002C  c_w.l(libinit2.o)
    0x08000228   0x08000228   0x00000000   Code   RO         1584    .ARM.Collect$$libinit$$0000002E  c_w.l(libinit2.o)
    0x08000228   0x08000228   0x00000000   Code   RO         1586    .ARM.Collect$$libinit$$00000030  c_w.l(libinit2.o)
    0x08000228   0x08000228   0x00000000   Code   RO         1588    .ARM.Collect$$libinit$$00000032  c_w.l(libinit2.o)
    0x08000228   0x08000228   0x00000002   Code   RO         1589    .ARM.Collect$$libinit$$00000033  c_w.l(libinit2.o)
    0x0800022a   0x0800022a   0x00000002   Code   RO         1617    .ARM.Collect$$libshutdown$$00000000  c_w.l(libshutdown.o)
    0x0800022c   0x0800022c   0x00000000   Code   RO         1626    .ARM.Collect$$libshutdown$$00000002  c_w.l(libshutdown2.o)
    0x0800022c   0x0800022c   0x00000000   Code   RO         1628    .ARM.Collect$$libshutdown$$00000004  c_w.l(libshutdown2.o)
    0x0800022c   0x0800022c   0x00000000   Code   RO         1631    .ARM.Collect$$libshutdown$$00000007  c_w.l(libshutdown2.o)
    0x0800022c   0x0800022c   0x00000000   Code   RO         1634    .ARM.Collect$$libshutdown$$0000000A  c_w.l(libshutdown2.o)
    0x0800022c   0x0800022c   0x00000000   Code   RO         1636    .ARM.Collect$$libshutdown$$0000000C  c_w.l(libshutdown2.o)
    0x0800022c   0x0800022c   0x00000000   Code   RO         1639    .ARM.Collect$$libshutdown$$0000000F  c_w.l(libshutdown2.o)
    0x0800022c   0x0800022c   0x00000002   Code   RO         1640    .ARM.Collect$$libshutdown$$00000010  c_w.l(libshutdown2.o)
    0x0800022e   0x0800022e   0x00000000   Code   RO         1451    .ARM.Collect$$rtentry$$00000000  c_w.l(__rtentry.o)
    0x0800022e   0x0800022e   0x00000000   Code   RO         1467    .ARM.Collect$$rtentry$$00000002  c_w.l(__rtentry2.o)
    0x0800022e   0x0800022e   0x00000006   Code   RO         1479    .ARM.Collect$$rtentry$$00000004  c_w.l(__rtentry4.o)
    0x08000234   0x08000234   0x00000000   Code   RO         1469    .ARM.Collect$$rtentry$$00000009  c_w.l(__rtentry2.o)
    0x08000234   0x08000234   0x00000004   Code   RO         1470    .ARM.Collect$$rtentry$$0000000A  c_w.l(__rtentry2.o)
    0x08000238   0x08000238   0x00000000   Code   RO         1472    .ARM.Collect$$rtentry$$0000000C  c_w.l(__rtentry2.o)
    0x08000238   0x08000238   0x00000008   Code   RO         1473    .ARM.Collect$$rtentry$$0000000D  c_w.l(__rtentry2.o)
    0x08000240   0x08000240   0x00000002   Code   RO         1590    .ARM.Collect$$rtexit$$00000000  c_w.l(rtexit.o)
    0x08000242   0x08000242   0x00000000   Code   RO         1597    .ARM.Collect$$rtexit$$00000002  c_w.l(rtexit2.o)
    0x08000242   0x08000242   0x00000004   Code   RO         1598    .ARM.Collect$$rtexit$$00000003  c_w.l(rtexit2.o)
    0x08000246   0x08000246   0x00000006   Code   RO         1599    .ARM.Collect$$rtexit$$00000004  c_w.l(rtexit2.o)
    0x0800024c   0x0800024c   0x00000040   Code   RO          439    .text               startup_stm32f401xx.o
    0x0800028c   0x0800028c   0x00000002   Code   RO         1407    .text               c_w.l(use_no_semi_2.o)
    0x0800028e   0x0800028e   0x00000002   PAD
    0x08000290   0x08000290   0x00000018   Code   RO         1411    .text               c_w.l(noretval__2printf.o)
    0x080002a8   0x080002a8   0x00000068   Code   RO         1413    .text               c_w.l(__printf.o)
    0x08000310   0x08000310   0x00000006   Code   RO         1437    .text               c_w.l(heapauxi.o)
    0x08000316   0x08000316   0x00000002   Code   RO         1449    .text               c_w.l(use_no_semi.o)
    0x08000318   0x08000318   0x0000041e   Code   RO         1452    .text               c_w.l(_printf_fp_dec.o)
    0x08000736   0x08000736   0x00000002   PAD
    0x08000738   0x08000738   0x00000024   Code   RO         1454    .text               c_w.l(_printf_char_file.o)
    0x0800075c   0x0800075c   0x00000008   Code   RO         1484    .text               c_w.l(rt_locale_intlibspace.o)
    0x08000764   0x08000764   0x0000008a   Code   RO         1486    .text               c_w.l(lludiv10.o)
    0x080007ee   0x080007ee   0x00000002   PAD
    0x080007f0   0x080007f0   0x00000030   Code   RO         1488    .text               c_w.l(_printf_char_common.o)
    0x08000820   0x08000820   0x00000080   Code   RO         1490    .text               c_w.l(_printf_fp_infnan.o)
    0x080008a0   0x080008a0   0x000000e4   Code   RO         1492    .text               c_w.l(bigflt0.o)
    0x08000984   0x08000984   0x00000008   Code   RO         1517    .text               c_w.l(ferror.o)
    0x0800098c   0x0800098c   0x00000008   Code   RO         1528    .text               c_w.l(libspace.o)
    0x08000994   0x08000994   0x0000004a   Code   RO         1531    .text               c_w.l(sys_stackheap_outer.o)
    0x080009de   0x080009de   0x00000012   Code   RO         1535    .text               c_w.l(exit.o)
    0x080009f0   0x080009f0   0x00000080   Code   RO         1537    .text               c_w.l(strcmpv7m.o)
    0x08000a70   0x08000a70   0x0000003e   Code   RO         1495    CL$$btod_d2e        c_w.l(btod.o)
    0x08000aae   0x08000aae   0x00000046   Code   RO         1497    CL$$btod_d2e_denorm_low  c_w.l(btod.o)
    0x08000af4   0x08000af4   0x00000060   Code   RO         1496    CL$$btod_d2e_norm_op1  c_w.l(btod.o)
    0x08000b54   0x08000b54   0x00000338   Code   RO         1505    CL$$btod_div_common  c_w.l(btod.o)
    0x08000e8c   0x08000e8c   0x000000dc   Code   RO         1502    CL$$btod_e2e        c_w.l(btod.o)
    0x08000f68   0x08000f68   0x0000002a   Code   RO         1499    CL$$btod_ediv       c_w.l(btod.o)
    0x08000f92   0x08000f92   0x0000002a   Code   RO         1498    CL$$btod_emul       c_w.l(btod.o)
    0x08000fbc   0x08000fbc   0x00000244   Code   RO         1504    CL$$btod_mult_common  c_w.l(btod.o)
    0x08001200   0x08001200   0x00000016   Code   RO         1171    i.ADC_Cmd           stm32f4xx_adc.o
    0x08001216   0x08001216   0x00000002   PAD
    0x08001218   0x08001218   0x00000030   Code   RO         1172    i.ADC_CommonInit    stm32f4xx_adc.o
    0x08001248   0x08001248   0x00000008   Code   RO         1183    i.ADC_GetConversionValue  stm32f4xx_adc.o
    0x08001250   0x08001250   0x00000012   Code   RO         1184    i.ADC_GetFlagStatus  stm32f4xx_adc.o
    0x08001262   0x08001262   0x00000002   PAD
    0x08001264   0x08001264   0x00000054   Code   RO         1191    i.ADC_Init          stm32f4xx_adc.o
    0x080012b8   0x080012b8   0x000000b8   Code   RO         1196    i.ADC_RegularChannelConfig  stm32f4xx_adc.o
    0x08001370   0x08001370   0x0000000a   Code   RO         1198    i.ADC_SoftwareStartConv  stm32f4xx_adc.o
    0x0800137a   0x0800137a   0x00000002   PAD
    0x0800137c   0x0800137c   0x0000014c   Code   RO          394    i.Adc_Init          adc.o
    0x080014c8   0x080014c8   0x00000004   Code   RO          130    i.BusFault_Handler  stm32f4xx_it.o
    0x080014cc   0x080014cc   0x00000002   Code   RO          131    i.DebugMon_Handler  stm32f4xx_it.o
    0x080014ce   0x080014ce   0x00000090   Code   RO          490    i.GPIO_Init         stm32f4xx_gpio.o
    0x0800155e   0x0800155e   0x00000046   Code   RO          491    i.GPIO_PinAFConfig  stm32f4xx_gpio.o
    0x080015a4   0x080015a4   0x00000012   Code   RO          496    i.GPIO_ReadOutputDataBit  stm32f4xx_gpio.o
    0x080015b6   0x080015b6   0x00000004   Code   RO          497    i.GPIO_ResetBits    stm32f4xx_gpio.o
    0x080015ba   0x080015ba   0x00000004   Code   RO          498    i.GPIO_SetBits      stm32f4xx_gpio.o
    0x080015be   0x080015be   0x00000002   PAD
    0x080015c0   0x080015c0   0x00000030   Code   RO          395    i.Get_Adc           adc.o
    0x080015f0   0x080015f0   0x0000002e   Code   RO          396    i.Get_Adc_Average   adc.o
    0x0800161e   0x0800161e   0x00000004   Code   RO          132    i.HardFault_Handler  stm32f4xx_it.o
    0x08001622   0x08001622   0x00000002   PAD
    0x08001624   0x08001624   0x0000003c   Code   RO          261    i.LED_Init          led.o
    0x08001660   0x08001660   0x00000004   Code   RO          133    i.MemManage_Handler  stm32f4xx_it.o
    0x08001664   0x08001664   0x00000068   Code   RO          397    i.MySingleAdcRead   adc.o
    0x080016cc   0x080016cc   0x00000002   Code   RO          134    i.NMI_Handler       stm32f4xx_it.o
    0x080016ce   0x080016ce   0x00000002   PAD
    0x080016d0   0x080016d0   0x00000078   Code   RO          445    i.NVIC_Init         misc.o
    0x08001748   0x08001748   0x00000014   Code   RO          446    i.NVIC_PriorityGroupConfig  misc.o
    0x0800175c   0x0800175c   0x00000002   Code   RO          135    i.PendSV_Handler    stm32f4xx_it.o
    0x0800175e   0x0800175e   0x00000002   PAD
    0x08001760   0x08001760   0x00000020   Code   RO          587    i.RCC_AHB1PeriphClockCmd  stm32f4xx_rcc.o
    0x08001780   0x08001780   0x00000020   Code   RO          596    i.RCC_APB1PeriphClockCmd  stm32f4xx_rcc.o
    0x080017a0   0x080017a0   0x00000020   Code   RO          599    i.RCC_APB2PeriphClockCmd  stm32f4xx_rcc.o
    0x080017c0   0x080017c0   0x00000020   Code   RO          601    i.RCC_APB2PeriphResetCmd  stm32f4xx_rcc.o
    0x080017e0   0x080017e0   0x000000e8   Code   RO          608    i.RCC_GetClocksFreq  stm32f4xx_rcc.o
    0x080018c8   0x080018c8   0x00000002   Code   RO          136    i.SVC_Handler       stm32f4xx_it.o
    0x080018ca   0x080018ca   0x00000002   PAD
    0x080018cc   0x080018cc   0x000000e8   Code   RO          224    i.SetSysClock       system_stm32f4xx.o
    0x080019b4   0x080019b4   0x00000028   Code   RO          449    i.SysTick_CLKSourceConfig  misc.o
    0x080019dc   0x080019dc   0x00000002   Code   RO          137    i.SysTick_Handler   stm32f4xx_it.o
    0x080019de   0x080019de   0x00000002   PAD
    0x080019e0   0x080019e0   0x00000068   Code   RO          226    i.SystemInit        system_stm32f4xx.o
    0x08001a48   0x08001a48   0x000000bc   Code   RO          339    i.USART1_IRQHandler  usart.o
    0x08001b04   0x08001b04   0x000000b4   Code   RO          340    i.USART2_IRQHandler  usart.o
    0x08001bb8   0x08001bb8   0x00000018   Code   RO          981    i.USART_Cmd         stm32f4xx_usart.o
    0x08001bd0   0x08001bd0   0x00000054   Code   RO          985    i.USART_GetITStatus  stm32f4xx_usart.o
    0x08001c24   0x08001c24   0x0000004a   Code   RO          987    i.USART_ITConfig    stm32f4xx_usart.o
    0x08001c6e   0x08001c6e   0x00000002   PAD
    0x08001c70   0x08001c70   0x000000d4   Code   RO          988    i.USART_Init        stm32f4xx_usart.o
    0x08001d44   0x08001d44   0x0000000a   Code   RO          995    i.USART_ReceiveData  stm32f4xx_usart.o
    0x08001d4e   0x08001d4e   0x00000008   Code   RO          998    i.USART_SendData    stm32f4xx_usart.o
    0x08001d56   0x08001d56   0x00000004   Code   RO          138    i.UsageFault_Handler  stm32f4xx_it.o
    0x08001d5a   0x08001d5a   0x00000030   Code   RO         1526    i.__ARM_fpclassify  m_wm.l(fpclassify.o)
    0x08001d8a   0x08001d8a   0x00000004   Code   RO          341    i._sys_exit         usart.o
    0x08001d8e   0x08001d8e   0x00000002   PAD
    0x08001d90   0x08001d90   0x0000003c   Code   RO          281    i.delay_init        delay.o
    0x08001dcc   0x08001dcc   0x00000038   Code   RO          282    i.delay_ms          delay.o
    0x08001e04   0x08001e04   0x0000004c   Code   RO          284    i.delay_xms         delay.o
    0x08001e50   0x08001e50   0x0000001c   Code   RO          342    i.fputc             usart.o
    0x08001e6c   0x08001e6c   0x0000002a   Code   RO            3    i.main              main.o
    0x08001e96   0x08001e96   0x00000002   PAD
    0x08001e98   0x08001e98   0x00000154   Code   RO          343    i.uart_init         usart.o
    0x08001fec   0x08001fec   0x0000002c   Code   RO         1522    locale$$code        c_w.l(lc_numeric_c.o)
    0x08002018   0x08002018   0x00000062   Code   RO         1441    x$fpl$d2f           fz_wm.l(d2f.o)
    0x0800207a   0x0800207a   0x00000002   PAD
    0x0800207c   0x0800207c   0x00000154   Code   RO         1443    x$fpl$dmul          fz_wm.l(dmul.o)
    0x080021d0   0x080021d0   0x0000009c   Code   RO         1457    x$fpl$dnaninf       fz_wm.l(dnaninf.o)
    0x0800226c   0x0800226c   0x0000000c   Code   RO         1459    x$fpl$dretinf       fz_wm.l(dretinf.o)
    0x08002278   0x08002278   0x00000056   Code   RO         1445    x$fpl$f2d           fz_wm.l(f2d.o)
    0x080022ce   0x080022ce   0x0000008c   Code   RO         1461    x$fpl$fnaninf       fz_wm.l(fnaninf.o)
    0x0800235a   0x0800235a   0x0000000a   Code   RO         1594    x$fpl$fpinit        fz_wm.l(fpinit.o)
    0x08002364   0x08002364   0x0000000a   Code   RO         1463    x$fpl$fretinf       fz_wm.l(fretinf.o)
    0x0800236e   0x0800236e   0x00000004   Code   RO         1447    x$fpl$printf1       fz_wm.l(printf1.o)
    0x08002372   0x08002372   0x00000000   Code   RO         1465    x$fpl$usenofp       fz_wm.l(usenofp.o)
    0x08002372   0x08002372   0x00000002   PAD
    0x08002374   0x08002374   0x00000094   Data   RO         1493    .constdata          c_w.l(bigflt0.o)
    0x08002408   0x08002408   0x00000020   Data   RO         1665    Region$$Table       anon$$obj.o
    0x08002428   0x08002428   0x0000001c   Data   RO         1521    locale$$data        c_w.l(lc_numeric_c.o)


    Execution Region RW_IRAM1 (Exec base: 0x20000000, Load base: 0x08002444, Size: 0x00000748, Max: 0x00018000, ABSOLUTE)

    Exec Addr    Load Addr    Size         Type   Attr      Idx    E Section Name        Object

    0x20000000   0x08002444   0x00000004   Data   RW          285    .data               delay.o
    0x20000004   0x08002448   0x00000006   Data   RW          345    .data               usart.o
    0x2000000a   0x0800244e   0x00000010   Data   RW          640    .data               stm32f4xx_rcc.o
    0x2000001a   0x0800245e   0x00000002   PAD
    0x2000001c        -       0x000000c8   Zero   RW          344    .bss                usart.o
    0x200000e4        -       0x00000060   Zero   RW         1529    .bss                c_w.l(libspace.o)
    0x20000144   0x0800245e   0x00000004   PAD
    0x20000148        -       0x00000200   Zero   RW          437    HEAP                startup_stm32f401xx.o
    0x20000348        -       0x00000400   Zero   RW          436    STACK               startup_stm32f401xx.o


==============================================================================

Image component sizes


      Code (inc. data)   RO Data    RW Data    ZI Data      Debug   Object Name

       530         42          0          0          0       2721   adc.o
       192         12          0          4          0       1884   delay.o
        60          4          0          0          0        515   led.o
        42          0          0          0          0     244827   main.o
       180         24          0          0          0       2001   misc.o
        64         26        404          0       1536        820   startup_stm32f401xx.o
       374         24          0          0          0       5394   stm32f4xx_adc.o
       240          0          0          0          0       3400   stm32f4xx_gpio.o
        26          0          0          0          0       3890   stm32f4xx_it.o
       360         42          0         16          0       5076   stm32f4xx_rcc.o
       412          8          0          0          0       4679   stm32f4xx_usart.o
       336         32          0          0          0       1413   system_stm32f4xx.o
       740         50          0          6        200       4976   usart.o

    ----------------------------------------------------------------------
      3580        264        436         28       1736     281596   Object Totals
         0          0         32          0          0          0   (incl. Generated)
        24          0          0          2          0          0   (incl. Padding)

    ----------------------------------------------------------------------

      Code (inc. data)   RO Data    RW Data    ZI Data      Debug   Library Member Name

         8          0          0          0          0         68   __main.o
       104          0          0          0          0         84   __printf.o
         0          0          0          0          0          0   __rtentry.o
        12          0          0          0          0          0   __rtentry2.o
         6          0          0          0          0          0   __rtentry4.o
        52          8          0          0          0          0   __scatter.o
        26          0          0          0          0          0   __scatter_copy.o
        28          0          0          0          0          0   __scatter_zi.o
        48          6          0          0          0         96   _printf_char_common.o
        36          4          0          0          0         80   _printf_char_file.o
         6          0          0          0          0          0   _printf_f.o
      1054          0          0          0          0        216   _printf_fp_dec.o
       128         16          0          0          0         84   _printf_fp_infnan.o
         0          0          0          0          0          0   _printf_percent.o
         4          0          0          0          0          0   _printf_percent_end.o
       228          4        148          0          0         96   bigflt0.o
      1936        128          0          0          0        672   btod.o
        18          0          0          0          0         80   exit.o
         8          0          0          0          0         68   ferror.o
         6          0          0          0          0        152   heapauxi.o
        44         10         28          0          0         76   lc_numeric_c.o
         2          0          0          0          0          0   libinit.o
        22          0          0          0          0          0   libinit2.o
         2          0          0          0          0          0   libshutdown.o
         2          0          0          0          0          0   libshutdown2.o
         8          4          0          0         96         68   libspace.o
       138          0          0          0          0         80   lludiv10.o
        24          4          0          0          0         84   noretval__2printf.o
         8          4          0          0          0         68   rt_locale_intlibspace.o
         2          0          0          0          0          0   rtexit.o
        10          0          0          0          0          0   rtexit2.o
       128          0          0          0          0         68   strcmpv7m.o
        74          0          0          0          0         80   sys_stackheap_outer.o
         2          0          0          0          0         68   use_no_semi.o
         2          0          0          0          0         68   use_no_semi_2.o
        98          4          0          0          0        140   d2f.o
       340         12          0          0          0        152   dmul.o
       156          4          0          0          0        140   dnaninf.o
        12          0          0          0          0        116   dretinf.o
        86          4          0          0          0        132   f2d.o
       140          4          0          0          0        132   fnaninf.o
        10          0          0          0          0        116   fpinit.o
        10          0          0          0          0        116   fretinf.o
         4          0          0          0          0        116   printf1.o
         0          0          0          0          0          0   usenofp.o
        48          0          0          0          0        124   fpclassify.o

    ----------------------------------------------------------------------
      5092        216        176          0        100       3640   Library Totals
        12          0          0          0          4          0   (incl. Padding)

    ----------------------------------------------------------------------

      Code (inc. data)   RO Data    RW Data    ZI Data      Debug   Library Name

      4176        188        176          0         96       2356   c_w.l
       856         28          0          0          0       1160   fz_wm.l
        48          0          0          0          0        124   m_wm.l

    ----------------------------------------------------------------------
      5092        216        176          0        100       3640   Library Totals

    ----------------------------------------------------------------------

==============================================================================


      Code (inc. data)   RO Data    RW Data    ZI Data      Debug   

      8672        480        612         28       1836     278588   Grand Totals
      8672        480        612         28       1836     278588   ELF Image Totals
      8672        480        612         28          0          0   ROM Totals

==============================================================================

    Total RO  Size (Code + RO Data)                 9284 (   9.07kB)
    Total RW  Size (RW Data + ZI Data)              1864 (   1.82kB)
    Total ROM Size (Code + RO Data + RW Data)       9312 (   9.09kB)

==============================================================================

